Component: ARM Compiler 5.06 update 5 (build 528) Tool: armlink [4d35e2]

==============================================================================

Section Cross References

    main.o(i.main) refers to system_init.o(i.system_Init) for system_Init
    main.o(i.main) refers to contral.o(i.contral_motor_Init) for contral_motor_Init
    main.o(i.main) refers to delay.o(i.delay_ms) for delay_ms
    main.o(i.main) refers to oled.o(i.OLED_Clear) for OLED_Clear
    main.o(i.main) refers to uart.o(i.UART5_Start_Scan) for UART5_Start_Scan
    main.o(i.main) refers to uart.o(i.Serial5_GetRxFlag) for Serial5_GetRxFlag
    main.o(i.main) refers to oled.o(i.OLED_ShowString) for OLED_ShowString
    main.o(i.main) refers to oled.o(i.OLED_Update) for OLED_Update
    main.o(i.main) refers to uart.o(i.Serial2_GetRxFlag) for Serial2_GetRxFlag
    main.o(i.main) refers to uart.o(i.UART_SendPacket2UP) for UART_SendPacket2UP
    main.o(i.main) refers to uart.o(i.Serial1_GetRxFlag) for Serial1_GetRxFlag
    main.o(i.main) refers to contral.o(i.uart_handle) for uart_handle
    main.o(i.main) refers to uart.o(.bss) for UART5_RX_BUF
    main.o(i.test) refers to stm32f10x_rcc.o(i.RCC_APB2PeriphClockCmd) for RCC_APB2PeriphClockCmd
    main.o(i.test) refers to stm32f10x_gpio.o(i.GPIO_Init) for GPIO_Init
    main.o(i.test) refers to stm32f10x_gpio.o(i.GPIO_ResetBits) for GPIO_ResetBits
    main.o(i.test) refers to delay.o(i.delay_us) for delay_us
    system_stm32f10x.o(i.SetSysClock) refers to system_stm32f10x.o(i.SetSysClockTo72) for SetSysClockTo72
    system_stm32f10x.o(i.SystemCoreClockUpdate) refers to system_stm32f10x.o(.data) for SystemCoreClock
    system_stm32f10x.o(i.SystemInit) refers to system_stm32f10x.o(i.SetSysClock) for SetSysClock
    delay.o(i.delay_ms) refers to delay.o(i.delay_us) for delay_us
    delay.o(i.delay_s) refers to delay.o(i.delay_ms) for delay_ms
    startup_stm32f10x_hd.o(RESET) refers to startup_stm32f10x_hd.o(STACK) for __initial_sp
    startup_stm32f10x_hd.o(RESET) refers to startup_stm32f10x_hd.o(.text) for Reset_Handler
    startup_stm32f10x_hd.o(RESET) refers to stm32f10x_it.o(i.NMI_Handler) for NMI_Handler
    startup_stm32f10x_hd.o(RESET) refers to stm32f10x_it.o(i.HardFault_Handler) for HardFault_Handler
    startup_stm32f10x_hd.o(RESET) refers to stm32f10x_it.o(i.MemManage_Handler) for MemManage_Handler
    startup_stm32f10x_hd.o(RESET) refers to stm32f10x_it.o(i.BusFault_Handler) for BusFault_Handler
    startup_stm32f10x_hd.o(RESET) refers to stm32f10x_it.o(i.UsageFault_Handler) for UsageFault_Handler
    startup_stm32f10x_hd.o(RESET) refers to stm32f10x_it.o(i.SVC_Handler) for SVC_Handler
    startup_stm32f10x_hd.o(RESET) refers to stm32f10x_it.o(i.DebugMon_Handler) for DebugMon_Handler
    startup_stm32f10x_hd.o(RESET) refers to stm32f10x_it.o(i.PendSV_Handler) for PendSV_Handler
    startup_stm32f10x_hd.o(RESET) refers to stm32f10x_it.o(i.SysTick_Handler) for SysTick_Handler
    startup_stm32f10x_hd.o(RESET) refers to motor.o(i.TIM2_IRQHandler) for TIM2_IRQHandler
    startup_stm32f10x_hd.o(RESET) refers to motor.o(i.TIM3_IRQHandler) for TIM3_IRQHandler
    startup_stm32f10x_hd.o(RESET) refers to motor.o(i.TIM4_IRQHandler) for TIM4_IRQHandler
    startup_stm32f10x_hd.o(RESET) refers to uart.o(i.USART1_IRQHandler) for USART1_IRQHandler
    startup_stm32f10x_hd.o(RESET) refers to uart.o(i.USART2_IRQHandler) for USART2_IRQHandler
    startup_stm32f10x_hd.o(RESET) refers to uart.o(i.UART5_IRQHandler) for UART5_IRQHandler
    startup_stm32f10x_hd.o(RESET) refers to time_count.o(i.TIM6_IRQHandler) for TIM6_IRQHandler
    startup_stm32f10x_hd.o(.text) refers to system_stm32f10x.o(i.SystemInit) for SystemInit
    startup_stm32f10x_hd.o(.text) refers to entry.o(.ARM.Collect$$$$00000000) for __main
    stm32f10x_adc.o(i.ADC_DeInit) refers to stm32f10x_rcc.o(i.RCC_APB2PeriphResetCmd) for RCC_APB2PeriphResetCmd
    stm32f10x_bkp.o(i.BKP_DeInit) refers to stm32f10x_rcc.o(i.RCC_BackupResetCmd) for RCC_BackupResetCmd
    stm32f10x_can.o(i.CAN_DeInit) refers to stm32f10x_rcc.o(i.RCC_APB1PeriphResetCmd) for RCC_APB1PeriphResetCmd
    stm32f10x_can.o(i.CAN_GetITStatus) refers to stm32f10x_can.o(i.CheckITStatus) for CheckITStatus
    stm32f10x_cec.o(i.CEC_DeInit) refers to stm32f10x_rcc.o(i.RCC_APB1PeriphResetCmd) for RCC_APB1PeriphResetCmd
    stm32f10x_dac.o(i.DAC_DeInit) refers to stm32f10x_rcc.o(i.RCC_APB1PeriphResetCmd) for RCC_APB1PeriphResetCmd
    stm32f10x_flash.o(i.FLASH_EnableWriteProtection) refers to stm32f10x_flash.o(i.FLASH_WaitForLastOperation) for FLASH_WaitForLastOperation
    stm32f10x_flash.o(i.FLASH_EraseAllBank1Pages) refers to stm32f10x_flash.o(i.FLASH_WaitForLastBank1Operation) for FLASH_WaitForLastBank1Operation
    stm32f10x_flash.o(i.FLASH_EraseAllPages) refers to stm32f10x_flash.o(i.FLASH_WaitForLastOperation) for FLASH_WaitForLastOperation
[...]
    ..\\CORE\\core_cm3.c                     0x00000000   Number         0  core_cm3.o ABSOLUTE
    ..\\SYSTEM\\sys\\sys.c                   0x00000000   Number         0  sys.o ABSOLUTE
    cdcmple.s                                0x00000000   Number         0  cdcmple.o ABSOLUTE
    cdrcmple.s                               0x00000000   Number         0  cdrcmple.o ABSOLUTE
    cfcmple.s                                0x00000000   Number         0  cfcmple.o ABSOLUTE
    cfrcmple.s                               0x00000000   Number         0  cfrcmple.o ABSOLUTE
    dc.s                                     0x00000000   Number         0  dc.o ABSOLUTE
    handlers.s                               0x00000000   Number         0  handlers.o ABSOLUTE
    init.s                                   0x00000000   Number         0  init.o ABSOLUTE
    main.c                                   0x00000000   Number         0  main.o ABSOLUTE
    stm32f10x_it.c                           0x00000000   Number         0  stm32f10x_it.o ABSOLUTE
    system_stm32f10x.c                       0x00000000   Number         0  system_stm32f10x.o ABSOLUTE
    RESET                                    0x08000000   Section      304  startup_stm32f10x_hd.o(RESET)
    .ARM.Collect$$$$00000000                 0x08000130   Section        0  entry.o(.ARM.Collect$$$$00000000)
    .ARM.Collect$$$$00000001                 0x08000130   Section        4  entry2.o(.ARM.Collect$$$$00000001)
    .ARM.Collect$$$$00000004                 0x08000134   Section        4  entry5.o(.ARM.Collect$$$$00000004)
    .ARM.Collect$$$$00000008                 0x08000138   Section        0  entry7b.o(.ARM.Collect$$$$00000008)
    .ARM.Collect$$$$0000000A                 0x08000138   Section        0  entry8b.o(.ARM.Collect$$$$0000000A)
    .ARM.Collect$$$$0000000B                 0x08000138   Section        8  entry9a.o(.ARM.Collect$$$$0000000B)
    .ARM.Collect$$$$0000000D                 0x08000140   Section        0  entry10a.o(.ARM.Collect$$$$0000000D)
    .ARM.Collect$$$$0000000F                 0x08000140   Section        0  entry11a.o(.ARM.Collect$$$$0000000F)
    .ARM.Collect$$$$00002712                 0x08000140   Section        4  entry2.o(.ARM.Collect$$$$00002712)
    __lit__00000000                          0x08000140   Data           4  entry2.o(.ARM.Collect$$$$00002712)
    .text                                    0x08000144   Section       36  startup_stm32f10x_hd.o(.text)
    .text                                    0x08000168   Section        0  strchr.o(.text)
    .text                                    0x0800017c   Section        0  strlen.o(.text)
    .text                                    0x0800018a   Section        0  strcpy.o(.text)
    .text                                    0x0800019c   Section        0  atoi.o(.text)
    .text                                    0x080001b6   Section        0  dadd.o(.text)
    .text                                    0x08000304   Section        0  dmul.o(.text)
    .text                                    0x080003e8   Section        0  ddiv.o(.text)
    .text                                    0x080004c6   Section        0  dfltui.o(.text)
    .text                                    0x080004e0   Section        0  ffixui.o(.text)
    .text                                    0x08000508   Section        0  dfixui.o(.text)
    .text                                    0x0800053c   Section       48  cdrcmple.o(.text)
    .text                                    0x0800056c   Section        0  d2f.o(.text)
    .text                                    0x080005a4   Section        0  uidiv.o(.text)
    .text                                    0x080005d0   Section        0  uldiv.o(.text)
    .text                                    0x08000632   Section        0  llshl.o(.text)
    .text                                    0x08000650   Section        0  llushr.o(.text)
    .text                                    0x08000670   Section        0  llsshr.o(.text)
    .text                                    0x08000694   Section        0  strtol.o(.text)
    .text                                    0x08000704   Section        0  fepilogue.o(.text)
    .text                                    0x08000704   Section        0  iusefp.o(.text)
    .text                                    0x08000772   Section        0  depilogue.o(.text)
    .text                                    0x0800082c   Section        0  dsqrt.o(.text)
    .text                                    0x080008ce   Section        0  dfixul.o(.text)
    .text                                    0x08000900   Section       36  init.o(.text)
    .text                                    0x08000924   Section        0  ctype_o.o(.text)
    .text                                    0x0800092c   Section        0  _strtoul.o(.text)
    .text                                    0x080009ca   Section        0  _chval.o(.text)
    i.BusFault_Handler                       0x080009e6   Section        0  stm32f10x_it.o(i.BusFault_Handler)
    i.DIR1                                   0x080009ec   Section        0  contral.o(i.DIR1)
    i.DIR2                                   0x08000a0c   Section        0  contral.o(i.DIR2)
    i.DIR3                                   0x08000a30   Section        0  contral.o(i.DIR3)
    i.DIR4                                   0x08000a54   Section        0  contral.o(i.DIR4)
    i.DMA_ClearFlag                          0x08000a74   Section        0  stm32f10x_dma.o(i.DMA_ClearFlag)
    i.DMA_Cmd                                0x08000a90   Section        0  stm32f10x_dma.o(i.DMA_Cmd)
    i.DMA_DeInit                             0x08000aa8   Section        0  stm32f10x_dma.o(i.DMA_DeInit)
    i.DMA_Init                               0x08000bf4   Section        0  stm32f10x_dma.o(i.DMA_Init)
    i.DMA_SetCurrDataCounter                 0x08000c30   Section        0  stm32f10x_dma.o(i.DMA_SetCurrDataCounter)
    i.DebugMon_Handler                       0x08000c34   Section        0  stm32f10x_it.o(i.DebugMon_Handler)
    i.GPIO_Init                              0x08000c36   Section        0  stm32f10x_gpio.o(i.GPIO_Init)
    i.GPIO_PinRemapConfig                    0x08000d4c   Section        0  stm32f10x_gpio.o(i.GPIO_PinRemapConfig)
    i.GPIO_ResetBits                         0x08000ddc   Section        0  stm32f10x_gpio.o(i.GPIO_ResetBits)
    i.GPIO_SetBits                           0x08000de0   Section        0  stm32f10x_gpio.o(i.GPIO_SetBits)
    i.GPIO_WriteBit                          0x08000de4   Section        0  stm32f10x_gpio.o(i.GPIO_WriteBit)
    i.HardFault_Handler                      0x08000dee   Section        0  stm32f10x_it.o(i.HardFault_Handler)
    i.KEY_Init                               0x08000df4   Section        0  key.o(i.KEY_Init)
    i.LED_Init                               0x08000ea4   Section        0  led.o(i.LED_Init)
    i.MOTOR3_Init                            0x08000f04   Section        0  motor.o(i.MOTOR3_Init)
    i.MOTOR4_Init                            0x08001040   Section        0  motor.o(i.MOTOR4_Init)
    i.MOTOR7_Init                            0x08001180   Section        0  motor.o(i.MOTOR7_Init)
    i.MOTOR8_Init                            0x080012d0   Section        0  motor.o(i.MOTOR8_Init)
    i.MOTOR_Angle                            0x08001410   Section        0  contral.o(i.MOTOR_Angle)
    i.MOTOR_Direction                        0x0800143c   Section        0  contral.o(i.MOTOR_Direction)
    i.MOTOR_Displacement                     0x080014b8   Section        0  contral.o(i.MOTOR_Displacement)
    i.MOTOR_Displacement_mm                  0x080014f0   Section        0  contral.o(i.MOTOR_Displacement_mm)
    i.MOTOR_TURN                             0x08001530   Section        0  contral.o(i.MOTOR_TURN)
    i.MSD_Move                               0x08001570   Section        0  contral.o(i.MSD_Move)
    i.MSD_Move1                              0x08001720   Section        0  contral.o(i.MSD_Move1)
    i.MSD_StepCounter                        0x080018ac   Section        0  contral.o(i.MSD_StepCounter)
    i.MSD_StepCounter1                       0x080018cc   Section        0  contral.o(i.MSD_StepCounter1)
    i.MSD_StepCounter2                       0x080018ec   Section        0  contral.o(i.MSD_StepCounter2)
    i.MemManage_Handler                      0x0800190c   Section        0  stm32f10x_it.o(i.MemManage_Handler)
    i.Motor1_DIR                             0x08001910   Section        0  contral.o(i.Motor1_DIR)
    i.NMI_Handler                            0x08001930   Section        0  stm32f10x_it.o(i.NMI_Handler)
    i.NVIC_Init                              0x08001934   Section        0  misc.o(i.NVIC_Init)
    i.NVIC_PriorityGroupConfig               0x080019a4   Section        0  misc.o(i.NVIC_PriorityGroupConfig)
    i.OLED_Clear                             0x080019b8   Section        0  oled.o(i.OLED_Clear)
    i.OLED_ClearArea                         0x080019e0   Section        0  oled.o(i.OLED_ClearArea)
    i.OLED_GPIO_Init                         0x08001a88   Section        0  oled.o(i.OLED_GPIO_Init)
    i.OLED_I2C_SendByte                      0x08001ae8   Section        0  oled.o(i.OLED_I2C_SendByte)
    i.OLED_I2C_Start                         0x08001b26   Section        0  oled.o(i.OLED_I2C_Start)
    i.OLED_I2C_Stop                          0x08001b42   Section        0  oled.o(i.OLED_I2C_Stop)
    i.OLED_Init                              0x08001b58   Section        0  oled.o(i.OLED_Init)
    i.OLED_SetCursor                         0x08001bf2   Section        0  oled.o(i.OLED_SetCursor)
    i.OLED_ShowChar                          0x08001c14   Section        0  oled.o(i.OLED_ShowChar)
    i.OLED_ShowImage                         0x08001c68   Section        0  oled.o(i.OLED_ShowImage)
    i.OLED_ShowString                        0x08001d94   Section        0  oled.o(i.OLED_ShowString)
    i.OLED_Update                            0x08001dc4   Section        0  oled.o(i.OLED_Update)
    i.OLED_W_SCL                             0x08001dec   Section        0  oled.o(i.OLED_W_SCL)
    i.OLED_W_SDA                             0x08001e04   Section        0  oled.o(i.OLED_W_SDA)
    i.OLED_WriteCommand                      0x08001e1c   Section        0  oled.o(i.OLED_WriteCommand)
    i.OLED_WriteData                         0x08001e3c   Section        0  oled.o(i.OLED_WriteData)
    i.PendSV_Handler                         0x08001e6a   Section        0  stm32f10x_it.o(i.PendSV_Handler)
    i.RCC_AHBPeriphClockCmd                  0x08001e6c   Section        0  stm32f10x_rcc.o(i.RCC_AHBPeriphClockCmd)
    i.RCC_APB1PeriphClockCmd                 0x08001e8c   Section        0  stm32f10x_rcc.o(i.RCC_APB1PeriphClockCmd)
    i.RCC_APB2PeriphClockCmd                 0x08001eac   Section        0  stm32f10x_rcc.o(i.RCC_APB2PeriphClockCmd)
    i.RCC_GetClocksFreq                      0x08001ecc   Section        0  stm32f10x_rcc.o(i.RCC_GetClocksFreq)
    i.SERVO2_CONTRAL                         0x08001fa0   Section        0  servo.o(i.SERVO2_CONTRAL)
    i.SERVO3_CONTRAL                         0x08001fec   Section        0  servo.o(i.SERVO3_CONTRAL)
    i.SPI_Cmd                                0x08002038   Section        0  stm32f10x_spi.o(i.SPI_Cmd)
    i.SPI_I2S_DMACmd                         0x08002050   Section        0  stm32f10x_spi.o(i.SPI_I2S_DMACmd)
    i.SPI_Init                               0x08002062   Section        0  stm32f10x_spi.o(i.SPI_Init)
    i.SVC_Handler                            0x0800209e   Section        0  stm32f10x_it.o(i.SVC_Handler)
    i.Serial1_GetRxFlag                      0x080020a0   Section        0  uart.o(i.Serial1_GetRxFlag)
    i.Serial2_GetRxFlag                      0x080020bc   Section        0  uart.o(i.Serial2_GetRxFlag)
    i.Serial5_GetRxFlag                      0x080020d8   Section        0  uart.o(i.Serial5_GetRxFlag)
    i.SetSysClock                            0x080020f4   Section        0  system_stm32f10x.o(i.SetSysClock)
    SetSysClock                              0x080020f5   Thumb Code     8  system_stm32f10x.o(i.SetSysClock)
    i.SetSysClockTo72                        0x080020fc   Section        0  system_stm32f10x.o(i.SetSysClockTo72)
    SetSysClockTo72                          0x080020fd   Thumb Code   214  system_stm32f10x.o(i.SetSysClockTo72)
    i.SysTick_Handler                        0x080021dc   Section        0  stm32f10x_it.o(i.SysTick_Handler)
    i.SystemInit                             0x080021e0   Section        0  system_stm32f10x.o(i.SystemInit)
    i.TIM2_IRQHandler                        0x08002240   Section        0  motor.o(i.TIM2_IRQHandler)
    i.TIM3_IRQHandler                        0x08002460   Section        0  motor.o(i.TIM3_IRQHandler)
    i.TIM4_IRQHandler                        0x0800269c   Section        0  motor.o(i.TIM4_IRQHandler)
    i.TIM6_COUNT_Init                        0x080028bc   Section        0  time_count.o(i.TIM6_COUNT_Init)
    i.TIM6_IRQHandler                        0x08002924   Section        0  time_count.o(i.TIM6_IRQHandler)
    i.TIM_ARRPreloadConfig                   0x0800296c   Section        0  stm32f10x_tim.o(i.TIM_ARRPreloadConfig)
    i.TIM_ClearITPendingBit                  0x08002984   Section        0  stm32f10x_tim.o(i.TIM_ClearITPendingBit)
    i.TIM_Cmd                                0x0800298a   Section        0  stm32f10x_tim.o(i.TIM_Cmd)
    i.TIM_GetITStatus                        0x080029a2   Section        0  stm32f10x_tim.o(i.TIM_GetITStatus)
    i.TIM_ITConfig                           0x080029c4   Section        0  stm32f10x_tim.o(i.TIM_ITConfig)
    i.TIM_OC1Init                            0x080029d8   Section        0  stm32f10x_tim.o(i.TIM_OC1Init)
    i.TIM_OC1PreloadConfig                   0x08002a70   Section        0  stm32f10x_tim.o(i.TIM_OC1PreloadConfig)
    i.TIM_OC2Init                            0x08002a84   Section        0  stm32f10x_tim.o(i.TIM_OC2Init)
    i.TIM_OC2PreloadConfig                   0x08002b28   Section        0  stm32f10x_tim.o(i.TIM_OC2PreloadConfig)
    i.TIM_OC3Init                            0x08002b44   Section        0  stm32f10x_tim.o(i.TIM_OC3Init)
    i.TIM_OC3PreloadConfig                   0x08002be4   Section        0  stm32f10x_tim.o(i.TIM_OC3PreloadConfig)
    i.TIM_OC4Init                            0x08002bf8   Section        0  stm32f10x_tim.o(i.TIM_OC4Init)
    i.TIM_OC4PreloadConfig                   0x08002c74   Section        0  stm32f10x_tim.o(i.TIM_OC4PreloadConfig)
    i.TIM_OCStructInit                       0x08002c8e   Section        0  stm32f10x_tim.o(i.TIM_OCStructInit)
    i.TIM_SetAutoreload                      0x08002ca2   Section        0  stm32f10x_tim.o(i.TIM_SetAutoreload)
    i.TIM_SetCompare1                        0x08002ca6   Section        0  stm32f10x_tim.o(i.TIM_SetCompare1)
    i.TIM_SetCompare2                        0x08002caa   Section        0  stm32f10x_tim.o(i.TIM_SetCompare2)
    i.TIM_SetCompare3                        0x08002cae   Section        0  stm32f10x_tim.o(i.TIM_SetCompare3)
    i.TIM_SetCompare4                        0x08002cb2   Section        0  stm32f10x_tim.o(i.TIM_SetCompare4)
    i.TIM_TimeBaseInit                       0x08002cb8   Section        0  stm32f10x_tim.o(i.TIM_TimeBaseInit)
    i.TIM_TimeBaseStructInit                 0x08002d5c   Section        0  stm32f10x_tim.o(i.TIM_TimeBaseStructInit)
    i.TIM_UpdateRequestConfig                0x08002d6e   Section        0  stm32f10x_tim.o(i.TIM_UpdateRequestConfig)
    i.UART1_Init                             0x08002d88   Section        0  uart.o(i.UART1_Init)
    i.UART1_SendString                       0x08002e30   Section        0  uart.o(i.UART1_SendString)
    i.UART2_Init                             0x08002e4c   Section        0  uart.o(i.UART2_Init)
    i.UART5_IRQHandler                       0x08002f00   Section        0  uart.o(i.UART5_IRQHandler)
    i.UART5_Init                             0x08002fa0   Section        0  uart.o(i.UART5_Init)
    i.UART5_PraseCode                        0x08003060   Section        0  uart.o(i.UART5_PraseCode)
    i.UART5_SendArray                        0x08003096   Section        0  uart.o(i.UART5_SendArray)
    i.UART5_Start_Scan                       0x080030b0   Section        0  uart.o(i.UART5_Start_Scan)
    i.UART_SendPacket2UP                     0x080030d0   Section        0  uart.o(i.UART_SendPacket2UP)
    i.USART1_IRQHandler                      0x080030e8   Section        0  uart.o(i.USART1_IRQHandler)
    i.USART1_SendBits                        0x0800317c   Section        0  uart.o(i.USART1_SendBits)
    i.USART2_IRQHandler                      0x0800319c   Section        0  uart.o(i.USART2_IRQHandler)
    i.USART5_SendBits                        0x080031d4   Section        0  uart.o(i.USART5_SendBits)
    i.USART_ClearITPendingBit                0x080031f0   Section        0  stm32f10x_usart.o(i.USART_ClearITPendingBit)
    i.USART_Cmd                              0x0800320e   Section        0  stm32f10x_usart.o(i.USART_Cmd)
    i.USART_GetFlagStatus                    0x08003226   Section        0  stm32f10x_usart.o(i.USART_GetFlagStatus)
    i.USART_GetITStatus                      0x08003240   Section        0  stm32f10x_usart.o(i.USART_GetITStatus)
    i.USART_ITConfig                         0x08003294   Section        0  stm32f10x_usart.o(i.USART_ITConfig)
    i.USART_Init                             0x080032e0   Section        0  stm32f10x_usart.o(i.USART_Init)
    i.USART_ReceiveData                      0x080033b8   Section        0  stm32f10x_usart.o(i.USART_ReceiveData)
    i.USART_SendData                         0x080033c2   Section        0  stm32f10x_usart.o(i.USART_SendData)
    i.UsageFault_Handler                     0x080033ca   Section        0  stm32f10x_it.o(i.UsageFault_Handler)
    i.__0vsprintf                            0x080033d0   Section        0  printfa.o(i.__0vsprintf)
    i.__aeabi_errno_addr                     0x080033f4   Section        0  errno.o(i.__aeabi_errno_addr)
    i.__scatterload_copy                     0x080033fc   Section       14  handlers.o(i.__scatterload_copy)
    i.__scatterload_null                     0x0800340a   Section        2  handlers.o(i.__scatterload_null)
    i.__scatterload_zeroinit                 0x0800340c   Section       14  handlers.o(i.__scatterload_zeroinit)
    i.__set_errno                            0x0800341c   Section        0  errno.o(i.__set_errno)
    i._fp_digits                             0x08003428   Section        0  printfa.o(i._fp_digits)
    _fp_digits                               0x08003429   Thumb Code   366  printfa.o(i._fp_digits)
    i._printf_core                           0x080035ac   Section        0  printfa.o(i._printf_core)
    _printf_core                             0x080035ad   Thumb Code  1744  printfa.o(i._printf_core)
    i._printf_post_padding                   0x08003c88   Section        0  printfa.o(i._printf_post_padding)
    _printf_post_padding                     0x08003c89   Thumb Code    36  printfa.o(i._printf_post_padding)
    i._printf_pre_padding                    0x08003cac   Section        0  printfa.o(i._printf_pre_padding)
    _printf_pre_padding                      0x08003cad   Thumb Code    46  printfa.o(i._printf_pre_padding)
    i._sputc                                 0x08003cda   Section        0  printfa.o(i._sputc)
    _sputc                                   0x08003cdb   Thumb Code    10  printfa.o(i._sputc)
    i.abs_int                                0x08003ce4   Section        0  contral.o(i.abs_int)
    i.arrive_block_down                      0x08003cf4   Section        0  contral_claw.o(i.arrive_block_down)
    i.arrive_block_get                       0x08003d18   Section        0  contral_claw.o(i.arrive_block_get)
    i.arrive_block_get1                      0x08003d3c   Section        0  contral_claw.o(i.arrive_block_get1)
    i.arrive_block_put                       0x08003d60   Section        0  contral_claw.o(i.arrive_block_put)
    i.arrive_block_putF2                     0x08003d84   Section        0  contral_claw.o(i.arrive_block_putF2)
    i.arrive_camera                          0x08003da8   Section        0  contral_claw.o(i.arrive_camera)
    i.arrive_camera2                         0x08003dcc   Section        0  contral_claw.o(i.arrive_camera2)
    i.arrive_circle_capture                  0x08003df0   Section        0  contral_claw.o(i.arrive_circle_capture)
    i.arrive_circle_capture2                 0x08003e14   Section        0  contral_claw.o(i.arrive_circle_capture2)
    i.arrive_most_up                         0x08003e38   Section        0  contral_claw.o(i.arrive_most_up)
    i.claw_close                             0x08003e5c   Section        0  contral.o(i.claw_close)
    i.claw_get_block1                        0x08003e88   Section        0  contral_claw.o(i.claw_get_block1)
    i.claw_get_block2                        0x08003edc   Section        0  contral_claw.o(i.claw_get_block2)
    i.claw_get_block3                        0x08003f30   Section        0  contral_claw.o(i.claw_get_block3)
    i.claw_get_block4                        0x08003f84   Section        0  contral_claw.o(i.claw_get_block4)
    i.claw_get_block5                        0x08003ff6   Section        0  contral_claw.o(i.claw_get_block5)
    i.claw_get_block6                        0x08004068   Section        0  contral_claw.o(i.claw_get_block6)
    i.claw_home                              0x080040da   Section        0  contral_claw.o(i.claw_home)
    i.claw_open                              0x080040f0   Section        0  contral.o(i.claw_open)
    i.claw_position                          0x0800411c   Section        0  contral_claw.o(i.claw_position)
    i.claw_position2                         0x080041a4   Section        0  contral_claw.o(i.claw_position2)
    i.claw_put_1blockF2                      0x08004218   Section        0  contral_claw.o(i.claw_put_1blockF2)
    i.claw_put_2blockF2                      0x0800427e   Section        0  contral_claw.o(i.claw_put_2blockF2)
    i.claw_put_3blockF2                      0x080042e4   Section        0  contral_claw.o(i.claw_put_3blockF2)
    i.claw_put_block1                        0x0800434a   Section        0  contral_claw.o(i.claw_put_block1)
    i.claw_put_block2                        0x080043b2   Section        0  contral_claw.o(i.claw_put_block2)
    i.claw_put_block3                        0x08004418   Section        0  contral_claw.o(i.claw_put_block3)
    i.claw_turn0                             0x08004480   Section        0  contral.o(i.claw_turn0)
    i.claw_turn1                             0x08004498   Section        0  contral.o(i.claw_turn1)
    i.claw_turn2                             0x080044b0   Section        0  contral.o(i.claw_turn2)
    i.claw_turn3                             0x080044c8   Section        0  contral.o(i.claw_turn3)
    i.contral_motor_Init                     0x080044e0   Section        0  contral.o(i.contral_motor_Init)
    i.delay_ms                               0x080044f4   Section        0  delay.o(i.delay_ms)
    i.delay_us                               0x0800450c   Section        0  delay.o(i.delay_us)
    i.main                                   0x0800453c   Section        0  main.o(i.main)
    i.max_Return                             0x080045b0   Section        0  contral.o(i.max_Return)
    i.sqrt                                   0x080045da   Section        0  sqrt.o(i.sqrt)
    i.system_Init                            0x08004626   Section        0  system_init.o(i.system_Init)
    i.u2_printf                              0x08004658   Section        0  uart.o(i.u2_printf)
    i.uart_handle                            0x080046ec   Section        0  contral.o(i.uart_handle)
    i.ws2812_AllShutOff                      0x08004a6c   Section        0  ws2812.o(i.ws2812_AllShutOff)
    i.ws2812_DMA_Init                        0x08004aa4   Section        0  ws2812.o(i.ws2812_DMA_Init)
    i.ws2812_GPIO_Init                       0x08004afc   Section        0  ws2812.o(i.ws2812_GPIO_Init)
    i.ws2812_Init                            0x08004b28   Section        0  ws2812.o(i.ws2812_Init)
    i.ws2812_SPI_Init                        0x08004b44   Section        0  ws2812.o(i.ws2812_SPI_Init)
    i.ws2812_Send_Data                       0x08004bac   Section        0  ws2812.o(i.ws2812_Send_Data)
    .constdata                               0x08004bd8   Section     2158  oled_data.o(.constdata)
    .constdata                               0x08005446   Section      129  ctype_o.o(.constdata)
    .constdata                               0x080054c8   Section        4  ctype_o.o(.constdata)
    table                                    0x080054c8   Data           4  ctype_o.o(.constdata)
    .data                                    0x20000000   Section       20  stm32f10x_rcc.o(.data)
    APBAHBPrescTable                         0x20000000   Data          16  stm32f10x_rcc.o(.data)
    ADCPrescTable                            0x20000010   Data           4  stm32f10x_rcc.o(.data)
    .data                                    0x20000014   Section       36  motor.o(.data)
    last_accel_delay                         0x20000014   Data           4  motor.o(.data)
    step_count                               0x20000018   Data           4  motor.o(.data)
    rest                                     0x2000001c   Data           4  motor.o(.data)
    last_accel_delay                         0x20000020   Data           4  motor.o(.data)
    step_count                               0x20000024   Data           4  motor.o(.data)
    rest                                     0x20000028   Data           4  motor.o(.data)
    last_accel_delay                         0x2000002c   Data           4  motor.o(.data)
    step_count                               0x20000030   Data           4  motor.o(.data)
    rest                                     0x20000034   Data           4  motor.o(.data)
    .data                                    0x20000038   Section       18  uart.o(.data)
    RX1State                                 0x20000046   Data           1  uart.o(.data)
    pRx1Packet                               0x20000047   Data           1  uart.o(.data)
    RxState                                  0x20000048   Data           1  uart.o(.data)
    pRxPacket                                0x20000049   Data           1  uart.o(.data)
    .data                                    0x2000004c   Section       28  contral.o(.data)
    .data                                    0x20000068   Section        1  time_count.o(.data)
    flag                                     0x20000068   Data           1  time_count.o(.data)
    .data                                    0x2000006a   Section        6  contral_claw.o(.data)
    .data                                    0x20000070   Section        4  errno.o(.data)
    _errno                                   0x20000070   Data           4  errno.o(.data)
    .bss                                     0x20000074   Section      200  uart.o(.bss)
    .bss                                     0x2000013c   Section       72  contral.o(.bss)
    .bss                                     0x20000184   Section      362  ws2812.o(.bss)
    .bss                                     0x200002ee   Section     1024  oled.o(.bss)
    STACK                                    0x200006f0   Section     1024  startup_stm32f10x_hd.o(STACK)

    Global Symbols

    Symbol Name                              Value     Ov Type        Size  Object(Section)

    BuildAttributes$$THM_ISAv4$P$D$K$B$S$PE$A:L22UL41UL21$X:L11$S22US41US21$IEEE1$IW$USESV6$~STKCKD$USESV7$~SHL$OTIME$ROPI$IEEEX$EBA8$MICROLIB$REQ8$PRES8$EABIv2 0x00000000   Number         0  anon$$obj.o ABSOLUTE
    __ARM_use_no_argv                        0x00000000   Number         0  main.o ABSOLUTE
    __cpp_initialize__aeabi_                  - Undefined Weak Reference
    __cxa_finalize                            - Undefined Weak Reference
    __decompress                              - Undefined Weak Reference
    _clock_init                               - Undefined Weak Reference
    _microlib_exit                            - Undefined Weak Reference
    __Vectors_Size                           0x00000130   Number         0  startup_stm32f10x_hd.o ABSOLUTE
    __Vectors                                0x08000000   Data           4  startup_stm32f10x_hd.o(RESET)
    __Vectors_End                            0x08000130   Data           0  startup_stm32f10x_hd.o(RESET)
    __main                                   0x08000131   Thumb Code     0  entry.o(.ARM.Collect$$$$00000000)
    _main_stk                                0x08000131   Thumb Code     0  entry2.o(.ARM.Collect$$$$00000001)
    _main_scatterload                        0x08000135   Thumb Code     0  entry5.o(.ARM.Collect$$$$00000004)
    __main_after_scatterload                 0x08000139   Thumb Code     0  entry5.o(.ARM.Collect$$$$00000004)
    _main_clock                              0x08000139   Thumb Code     0  entry7b.o(.ARM.Collect$$$$00000008)
    _main_cpp_init                           0x08000139   Thumb Code     0  entry8b.o(.ARM.Collect$$$$0000000A)
    _main_init                               0x08000139   Thumb Code     0  entry9a.o(.ARM.Collect$$$$0000000B)
    __rt_final_cpp                           0x08000141   Thumb Code     0  entry10a.o(.ARM.Collect$$$$0000000D)
    __rt_final_exit                          0x08000141   Thumb Code     0  entry11a.o(.ARM.Collect$$$$0000000F)
    Reset_Handler                            0x08000145   Thumb Code     8  startup_stm32f10x_hd.o(.text)
    ADC1_2_IRQHandler                        0x0800015f   Thumb Code     0  startup_stm32f10x_hd.o(.text)
    ADC3_IRQHandler                          0x0800015f   Thumb Code     0  startup_stm32f10x_hd.o(.text)
    CAN1_RX1_IRQHandler                      0x0800015f   Thumb Code     0  startup_stm32f10x_hd.o(.text)
    CAN1_SCE_IRQHandler                      0x0800015f   Thumb Code     0  startup_stm32f10x_hd.o(.text)
    DMA1_Channel1_IRQHandler                 0x0800015f   Thumb Code     0  startup_stm32f10x_hd.o(.text)
    DMA1_Channel2_IRQHandler                 0x0800015f   Thumb Code     0  startup_stm32f10x_hd.o(.text)
    DMA1_Channel3_IRQHandler                 0x0800015f   Thumb Code     0  startup_stm32f10x_hd.o(.text)
    DMA1_Channel4_IRQHandler                 0x0800015f   Thumb Code     0  startup_stm32f10x_hd.o(.text)
    DMA1_Channel5_IRQHandler                 0x0800015f   Thumb Code     0  startup_stm32f10x_hd.o(.text)
    DMA1_Channel6_IRQHandler                 0x0800015f   Thumb Code     0  startup_stm32f10x_hd.o(.text)
    DMA1_Channel7_IRQHandler                 0x0800015f   Thumb Code     0  startup_stm32f10x_hd.o(.text)
    DMA2_Channel1_IRQHandler                 0x0800015f   Thumb Code     0  startup_stm32f10x_hd.o(.text)
    DMA2_Channel2_IRQHandler                 0x0800015f   Thumb Code     0  startup_stm32f10x_hd.o(.text)
    DMA2_Channel3_IRQHandler                 0x0800015f   Thumb Code     0  startup_stm32f10x_hd.o(.text)
    DMA2_Channel4_5_IRQHandler               0x0800015f   Thumb Code     0  startup_stm32f10x_hd.o(.text)
    EXTI0_IRQHandler                         0x0800015f   Thumb Code     0  startup_stm32f10x_hd.o(.text)
    EXTI15_10_IRQHandler                     0x0800015f   Thumb Code     0  startup_stm32f10x_hd.o(.text)
    EXTI1_IRQHandler                         0x0800015f   Thumb Code     0  startup_stm32f10x_hd.o(.text)
    EXTI2_IRQHandler                         0x0800015f   Thumb Code     0  startup_stm32f10x_hd.o(.text)
    EXTI3_IRQHandler                         0x0800015f   Thumb Code     0  startup_stm32f10x_hd.o(.text)
    EXTI4_IRQHandler                         0x0800015f   Thumb Code     0  startup_stm32f10x_hd.o(.text)
    EXTI9_5_IRQHandler                       0x0800015f   Thumb Code     0  startup_stm32f10x_hd.o(.text)
    FLASH_IRQHandler                         0x0800015f   Thumb Code     0  startup_stm32f10x_hd.o(.text)
    FSMC_IRQHandler                          0x0800015f   Thumb Code     0  startup_stm32f10x_hd.o(.text)
    I2C1_ER_IRQHandler                       0x0800015f   Thumb Code     0  startup_stm32f10x_hd.o(.text)
    I2C1_EV_IRQHandler                       0x0800015f   Thumb Code     0  startup_stm32f10x_hd.o(.text)
    I2C2_ER_IRQHandler                       0x0800015f   Thumb Code     0  startup_stm32f10x_hd.o(.text)
    I2C2_EV_IRQHandler                       0x0800015f   Thumb Code     0  startup_stm32f10x_hd.o(.text)
    PVD_IRQHandler                           0x0800015f   Thumb Code     0  startup_stm32f10x_hd.o(.text)
    RCC_IRQHandler                           0x0800015f   Thumb Code     0  startup_stm32f10x_hd.o(.text)
    RTCAlarm_IRQHandler                      0x0800015f   Thumb Code     0  startup_stm32f10x_hd.o(.text)
    RTC_IRQHandler                           0x0800015f   Thumb Code     0  startup_stm32f10x_hd.o(.text)
    SDIO_IRQHandler                          0x0800015f   Thumb Code     0  startup_stm32f10x_hd.o(.text)
    SPI1_IRQHandler                          0x0800015f   Thumb Code     0  startup_stm32f10x_hd.o(.text)
    SPI2_IRQHandler                          0x0800015f   Thumb Code     0  startup_stm32f10x_hd.o(.text)
    SPI3_IRQHandler                          0x0800015f   Thumb Code     0  startup_stm32f10x_hd.o(.text)
    TAMPER_IRQHandler                        0x0800015f   Thumb Code     0  startup_stm32f10x_hd.o(.text)
    TIM1_BRK_IRQHandler                      0x0800015f   Thumb Code     0  startup_stm32f10x_hd.o(.text)
    TIM1_CC_IRQHandler                       0x0800015f   Thumb Code     0  startup_stm32f10x_hd.o(.text)
    TIM1_TRG_COM_IRQHandler                  0x0800015f   Thumb Code     0  startup_stm32f10x_hd.o(.text)
    TIM1_UP_IRQHandler                       0x0800015f   Thumb Code     0  startup_stm32f10x_hd.o(.text)
    TIM5_IRQHandler                          0x0800015f   Thumb Code     0  startup_stm32f10x_hd.o(.text)
    TIM7_IRQHandler                          0x0800015f   Thumb Code     0  startup_stm32f10x_hd.o(.text)
    TIM8_BRK_IRQHandler                      0x0800015f   Thumb Code     0  startup_stm32f10x_hd.o(.text)
    TIM8_CC_IRQHandler                       0x0800015f   Thumb Code     0  startup_stm32f10x_hd.o(.text)
    TIM8_TRG_COM_IRQHandler                  0x0800015f   Thumb Code     0  startup_stm32f10x_hd.o(.text)
    TIM8_UP_IRQHandler                       0x0800015f   Thumb Code     0  startup_stm32f10x_hd.o(.text)
    UART4_IRQHandler                         0x0800015f   Thumb Code     0  startup_stm32f10x_hd.o(.text)
    USART3_IRQHandler                        0x0800015f   Thumb Code     0  startup_stm32f10x_hd.o(.text)
    USBWakeUp_IRQHandler                     0x0800015f   Thumb Code     0  startup_stm32f10x_hd.o(.text)
    USB_HP_CAN1_TX_IRQHandler                0x0800015f   Thumb Code     0  startup_stm32f10x_hd.o(.text)
    USB_LP_CAN1_RX0_IRQHandler               0x0800015f   Thumb Code     0  startup_stm32f10x_hd.o(.text)
    WWDG_IRQHandler                          0x0800015f   Thumb Code     0  startup_stm32f10x_hd.o(.text)
    strchr                                   0x08000169   Thumb Code    20  strchr.o(.text)
    strlen                                   0x0800017d   Thumb Code    14  strlen.o(.text)
    strcpy                                   0x0800018b   Thumb Code    18  strcpy.o(.text)
    atoi                                     0x0800019d   Thumb Code    26  atoi.o(.text)
    __aeabi_dadd                             0x080001b7   Thumb Code   322  dadd.o(.text)
    __aeabi_dsub                             0x080002f9   Thumb Code     6  dadd.o(.text)
    __aeabi_drsub                            0x080002ff   Thumb Code     6  dadd.o(.text)
    __aeabi_dmul                             0x08000305   Thumb Code   228  dmul.o(.text)
    __aeabi_ddiv                             0x080003e9   Thumb Code   222  ddiv.o(.text)
    __aeabi_ui2d                             0x080004c7   Thumb Code    26  dfltui.o(.text)
    __aeabi_f2uiz                            0x080004e1   Thumb Code    40  ffixui.o(.text)
    __aeabi_d2uiz                            0x08000509   Thumb Code    50  dfixui.o(.text)
    __aeabi_cdrcmple                         0x0800053d   Thumb Code    48  cdrcmple.o(.text)
    __aeabi_d2f                              0x0800056d   Thumb Code    56  d2f.o(.text)
    __aeabi_uidiv                            0x080005a5   Thumb Code     0  uidiv.o(.text)
    __aeabi_uidivmod                         0x080005a5   Thumb Code    44  uidiv.o(.text)
    __aeabi_uldivmod                         0x080005d1   Thumb Code    98  uldiv.o(.text)
    __aeabi_llsl                             0x08000633   Thumb Code    30  llshl.o(.text)
    _ll_shift_l                              0x08000633   Thumb Code     0  llshl.o(.text)
    __aeabi_llsr                             0x08000651   Thumb Code    32  llushr.o(.text)
    _ll_ushift_r                             0x08000651   Thumb Code     0  llushr.o(.text)
    __aeabi_lasr                             0x08000671   Thumb Code    36  llsshr.o(.text)
    _ll_sshift_r                             0x08000671   Thumb Code     0  llsshr.o(.text)
    strtol                                   0x08000695   Thumb Code   112  strtol.o(.text)
    __I$use$fp                               0x08000705   Thumb Code     0  iusefp.o(.text)
    _float_round                             0x08000705   Thumb Code    18  fepilogue.o(.text)
    _float_epilogue                          0x08000717   Thumb Code    92  fepilogue.o(.text)
    _double_round                            0x08000773   Thumb Code    30  depilogue.o(.text)
    _double_epilogue                         0x08000791   Thumb Code   156  depilogue.o(.text)
    _dsqrt                                   0x0800082d   Thumb Code   162  dsqrt.o(.text)
    __aeabi_d2ulz                            0x080008cf   Thumb Code    48  dfixul.o(.text)
    __scatterload                            0x08000901   Thumb Code    28  init.o(.text)
    __scatterload_rt2                        0x08000901   Thumb Code     0  init.o(.text)
    __rt_ctype_table                         0x08000925   Thumb Code     4  ctype_o.o(.text)
    _strtoul                                 0x0800092d   Thumb Code   158  _strtoul.o(.text)
    _chval                                   0x080009cb   Thumb Code    28  _chval.o(.text)
    BusFault_Handler                         0x080009e7   Thumb Code     4  stm32f10x_it.o(i.BusFault_Handler)
    DIR1                                     0x080009ed   Thumb Code    26  contral.o(i.DIR1)
    DIR2                                     0x08000a0d   Thumb Code    30  contral.o(i.DIR2)
    DIR3                                     0x08000a31   Thumb Code    30  contral.o(i.DIR3)
    DIR4                                     0x08000a55   Thumb Code    26  contral.o(i.DIR4)
    DMA_ClearFlag                            0x08000a75   Thumb Code    18  stm32f10x_dma.o(i.DMA_ClearFlag)
    DMA_Cmd                                  0x08000a91   Thumb Code    24  stm32f10x_dma.o(i.DMA_Cmd)
    DMA_DeInit                               0x08000aa9   Thumb Code   324  stm32f10x_dma.o(i.DMA_DeInit)
    DMA_Init                                 0x08000bf5   Thumb Code    60  stm32f10x_dma.o(i.DMA_Init)
    DMA_SetCurrDataCounter                   0x08000c31   Thumb Code     4  stm32f10x_dma.o(i.DMA_SetCurrDataCounter)
    DebugMon_Handler                         0x08000c35   Thumb Code     2  stm32f10x_it.o(i.DebugMon_Handler)
    GPIO_Init                                0x08000c37   Thumb Code   278  stm32f10x_gpio.o(i.GPIO_Init)
    GPIO_PinRemapConfig                      0x08000d4d   Thumb Code   138  stm32f10x_gpio.o(i.GPIO_PinRemapConfig)
    GPIO_ResetBits                           0x08000ddd   Thumb Code     4  stm32f10x_gpio.o(i.GPIO_ResetBits)
    GPIO_SetBits                             0x08000de1   Thumb Code     4  stm32f10x_gpio.o(i.GPIO_SetBits)
    GPIO_WriteBit                            0x08000de5   Thumb Code    10  stm32f10x_gpio.o(i.GPIO_WriteBit)
    HardFault_Handler                        0x08000def   Thumb Code     4  stm32f10x_it.o(i.HardFault_Handler)
    KEY_Init                                 0x08000df5   Thumb Code   164  key.o(i.KEY_Init)
    LED_Init                                 0x08000ea5   Thumb Code    88  led.o(i.LED_Init)
    MOTOR3_Init                              0x08000f05   Thumb Code   300  motor.o(i.MOTOR3_Init)
    MOTOR4_Init                              0x08001041   Thumb Code   302  motor.o(i.MOTOR4_Init)
    MOTOR7_Init                              0x08001181   Thumb Code   314  motor.o(i.MOTOR7_Init)
    MOTOR8_Init                              0x080012d1   Thumb Code   304  motor.o(i.MOTOR8_Init)
    MOTOR_Angle                              0x08001411   Thumb Code    40  contral.o(i.MOTOR_Angle)
    MOTOR_Direction                          0x0800143d   Thumb Code   124  contral.o(i.MOTOR_Direction)
    MOTOR_Displacement                       0x080014b9   Thumb Code    52  contral.o(i.MOTOR_Displacement)
    MOTOR_Displacement_mm                    0x080014f1   Thumb Code    60  contral.o(i.MOTOR_Displacement_mm)
    MOTOR_TURN                               0x08001531   Thumb Code    64  contral.o(i.MOTOR_TURN)
    MSD_Move                                 0x08001571   Thumb Code   406  contral.o(i.MSD_Move)
    MSD_Move1                                0x08001721   Thumb Code   374  contral.o(i.MSD_Move1)
    MSD_StepCounter                          0x080018ad   Thumb Code    28  contral.o(i.MSD_StepCounter)
    MSD_StepCounter1                         0x080018cd   Thumb Code    28  contral.o(i.MSD_StepCounter1)
    MSD_StepCounter2                         0x080018ed   Thumb Code    28  contral.o(i.MSD_StepCounter2)
    MemManage_Handler                        0x0800190d   Thumb Code     4  stm32f10x_it.o(i.MemManage_Handler)
    Motor1_DIR                               0x08001911   Thumb Code    26  contral.o(i.Motor1_DIR)
    NMI_Handler                              0x08001931   Thumb Code     2  stm32f10x_it.o(i.NMI_Handler)
    NVIC_Init                                0x08001935   Thumb Code   100  misc.o(i.NVIC_Init)
    NVIC_PriorityGroupConfig                 0x080019a5   Thumb Code    10  misc.o(i.NVIC_PriorityGroupConfig)
    OLED_Clear                               0x080019b9   Thumb Code    36  oled.o(i.OLED_Clear)
    OLED_ClearArea                           0x080019e1   Thumb Code   162  oled.o(i.OLED_ClearArea)
    OLED_GPIO_Init                           0x08001a89   Thumb Code    92  oled.o(i.OLED_GPIO_Init)
    OLED_I2C_SendByte                        0x08001ae9   Thumb Code    62  oled.o(i.OLED_I2C_SendByte)
    OLED_I2C_Start                           0x08001b27   Thumb Code    28  oled.o(i.OLED_I2C_Start)
    OLED_I2C_Stop                            0x08001b43   Thumb Code    22  oled.o(i.OLED_I2C_Stop)
    OLED_Init                                0x08001b59   Thumb Code   154  oled.o(i.OLED_Init)
    OLED_SetCursor                           0x08001bf3   Thumb Code    34  oled.o(i.OLED_SetCursor)
    OLED_ShowChar                            0x08001c15   Thumb Code    74  oled.o(i.OLED_ShowChar)
    OLED_ShowImage                           0x08001c69   Thumb Code   296  oled.o(i.OLED_ShowImage)
    OLED_ShowString                          0x08001d95   Thumb Code    46  oled.o(i.OLED_ShowString)
    OLED_Update                              0x08001dc5   Thumb Code    36  oled.o(i.OLED_Update)
    OLED_W_SCL                               0x08001ded   Thumb Code    18  oled.o(i.OLED_W_SCL)
    OLED_W_SDA                               0x08001e05   Thumb Code    18  oled.o(i.OLED_W_SDA)
    OLED_WriteCommand                        0x08001e1d   Thumb Code    32  oled.o(i.OLED_WriteCommand)
    OLED_WriteData                           0x08001e3d   Thumb Code    46  oled.o(i.OLED_WriteData)
    PendSV_Handler                           0x08001e6b   Thumb Code     2  stm32f10x_it.o(i.PendSV_Handler)
    RCC_AHBPeriphClockCmd                    0x08001e6d   Thumb Code    26  stm32f10x_rcc.o(i.RCC_AHBPeriphClockCmd)
    RCC_APB1PeriphClockCmd                   0x08001e8d   Thumb Code    26  stm32f10x_rcc.o(i.RCC_APB1PeriphClockCmd)
    RCC_APB2PeriphClockCmd                   0x08001ead   Thumb Code    26  stm32f10x_rcc.o(i.RCC_APB2PeriphClockCmd)
    RCC_GetClocksFreq                        0x08001ecd   Thumb Code   192  stm32f10x_rcc.o(i.RCC_GetClocksFreq)
    SERVO2_CONTRAL                           0x08001fa1   Thumb Code    60  servo.o(i.SERVO2_CONTRAL)
    SERVO3_CONTRAL                           0x08001fed   Thumb Code    60  servo.o(i.SERVO3_CONTRAL)
    SPI_Cmd                                  0x08002039   Thumb Code    24  stm32f10x_spi.o(i.SPI_Cmd)
    SPI_I2S_DMACmd                           0x08002051   Thumb Code    18  stm32f10x_spi.o(i.SPI_I2S_DMACmd)
    SPI_Init                                 0x08002063   Thumb Code    60  stm32f10x_spi.o(i.SPI_Init)
    SVC_Handler                              0x0800209f   Thumb Code     2  stm32f10x_it.o(i.SVC_Handler)
    Serial1_GetRxFlag                        0x080020a1   Thumb Code    22  uart.o(i.Serial1_GetRxFlag)
    Serial2_GetRxFlag                        0x080020bd   Thumb Code    22  uart.o(i.Serial2_GetRxFlag)
    Serial5_GetRxFlag                        0x080020d9   Thumb Code    22  uart.o(i.Serial5_GetRxFlag)
    SysTick_Handler                          0x080021dd   Thumb Code     2  stm32f10x_it.o(i.SysTick_Handler)
    SystemInit                               0x080021e1   Thumb Code    78  system_stm32f10x.o(i.SystemInit)
    TIM2_IRQHandler                          0x08002241   Thumb Code   524  motor.o(i.TIM2_IRQHandler)
    TIM3_IRQHandler                          0x08002461   Thumb Code   550  motor.o(i.TIM3_IRQHandler)
    TIM4_IRQHandler                          0x0800269d   Thumb Code   524  motor.o(i.TIM4_IRQHandler)
    TIM6_COUNT_Init                          0x080028bd   Thumb Code   100  time_count.o(i.TIM6_COUNT_Init)
    TIM6_IRQHandler                          0x08002925   Thumb Code    54  time_count.o(i.TIM6_IRQHandler)
    TIM_ARRPreloadConfig                     0x0800296d   Thumb Code    24  stm32f10x_tim.o(i.TIM_ARRPreloadConfig)
    TIM_ClearITPendingBit                    0x08002985   Thumb Code     6  stm32f10x_tim.o(i.TIM_ClearITPendingBit)
    TIM_Cmd                                  0x0800298b   Thumb Code    24  stm32f10x_tim.o(i.TIM_Cmd)
    TIM_GetITStatus                          0x080029a3   Thumb Code    34  stm32f10x_tim.o(i.TIM_GetITStatus)
    TIM_ITConfig                             0x080029c5   Thumb Code    18  stm32f10x_tim.o(i.TIM_ITConfig)
    TIM_OC1Init                              0x080029d9   Thumb Code   132  stm32f10x_tim.o(i.TIM_OC1Init)
    TIM_OC1PreloadConfig                     0x08002a71   Thumb Code    18  stm32f10x_tim.o(i.TIM_OC1PreloadConfig)
    TIM_OC2Init                              0x08002a85   Thumb Code   154  stm32f10x_tim.o(i.TIM_OC2Init)
    TIM_OC2PreloadConfig                     0x08002b29   Thumb Code    26  stm32f10x_tim.o(i.TIM_OC2PreloadConfig)
    TIM_OC3Init                              0x08002b45   Thumb Code   150  stm32f10x_tim.o(i.TIM_OC3Init)
    TIM_OC3PreloadConfig                     0x08002be5   Thumb Code    18  stm32f10x_tim.o(i.TIM_OC3PreloadConfig)
    TIM_OC4Init                              0x08002bf9   Thumb Code   114  stm32f10x_tim.o(i.TIM_OC4Init)
    TIM_OC4PreloadConfig                     0x08002c75   Thumb Code    26  stm32f10x_tim.o(i.TIM_OC4PreloadConfig)
    TIM_OCStructInit                         0x08002c8f   Thumb Code    20  stm32f10x_tim.o(i.TIM_OCStructInit)
    TIM_SetAutoreload                        0x08002ca3   Thumb Code     4  stm32f10x_tim.o(i.TIM_SetAutoreload)
    TIM_SetCompare1                          0x08002ca7   Thumb Code     4  stm32f10x_tim.o(i.TIM_SetCompare1)
    TIM_SetCompare2                          0x08002cab   Thumb Code     4  stm32f10x_tim.o(i.TIM_SetCompare2)
    TIM_SetCompare3                          0x08002caf   Thumb Code     4  stm32f10x_tim.o(i.TIM_SetCompare3)
    TIM_SetCompare4                          0x08002cb3   Thumb Code     6  stm32f10x_tim.o(i.TIM_SetCompare4)
    TIM_TimeBaseInit                         0x08002cb9   Thumb Code   122  stm32f10x_tim.o(i.TIM_TimeBaseInit)
    TIM_TimeBaseStructInit                   0x08002d5d   Thumb Code    18  stm32f10x_tim.o(i.TIM_TimeBaseStructInit)
    TIM_UpdateRequestConfig                  0x08002d6f   Thumb Code    24  stm32f10x_tim.o(i.TIM_UpdateRequestConfig)
    UART1_Init                               0x08002d89   Thumb Code   160  uart.o(i.UART1_Init)
    UART1_SendString                         0x08002e31   Thumb Code    26  uart.o(i.UART1_SendString)
    UART2_Init                               0x08002e4d   Thumb Code   172  uart.o(i.UART2_Init)
    UART5_IRQHandler                         0x08002f01   Thumb Code   140  uart.o(i.UART5_IRQHandler)
    UART5_Init                               0x08002fa1   Thumb Code   180  uart.o(i.UART5_Init)
    UART5_PraseCode                          0x08003061   Thumb Code    54  uart.o(i.UART5_PraseCode)
    UART5_SendArray                          0x08003097   Thumb Code    26  uart.o(i.UART5_SendArray)
    UART5_Start_Scan                         0x080030b1   Thumb Code    20  uart.o(i.UART5_Start_Scan)
    UART_SendPacket2UP                       0x080030d1   Thumb Code    24  uart.o(i.UART_SendPacket2UP)
    USART1_IRQHandler                        0x080030e9   Thumb Code   128  uart.o(i.USART1_IRQHandler)
    USART1_SendBits                          0x0800317d   Thumb Code    26  uart.o(i.USART1_SendBits)
    USART2_IRQHandler                        0x0800319d   Thumb Code    48  uart.o(i.USART2_IRQHandler)
    USART5_SendBits                          0x080031d5   Thumb Code    24  uart.o(i.USART5_SendBits)
    USART_ClearITPendingBit                  0x080031f1   Thumb Code    30  stm32f10x_usart.o(i.USART_ClearITPendingBit)
    USART_Cmd                                0x0800320f   Thumb Code    24  stm32f10x_usart.o(i.USART_Cmd)
    USART_GetFlagStatus                      0x08003227   Thumb Code    26  stm32f10x_usart.o(i.USART_GetFlagStatus)
    USART_GetITStatus                        0x08003241   Thumb Code    84  stm32f10x_usart.o(i.USART_GetITStatus)
    USART_ITConfig                           0x08003295   Thumb Code    74  stm32f10x_usart.o(i.USART_ITConfig)
    USART_Init                               0x080032e1   Thumb Code   210  stm32f10x_usart.o(i.USART_Init)
    USART_ReceiveData                        0x080033b9   Thumb Code    10  stm32f10x_usart.o(i.USART_ReceiveData)
    USART_SendData                           0x080033c3   Thumb Code     8  stm32f10x_usart.o(i.USART_SendData)
    UsageFault_Handler                       0x080033cb   Thumb Code     4  stm32f10x_it.o(i.UsageFault_Handler)
    __0vsprintf                              0x080033d1   Thumb Code    30  printfa.o(i.__0vsprintf)
    __1vsprintf                              0x080033d1   Thumb Code     0  printfa.o(i.__0vsprintf)
    __2vsprintf                              0x080033d1   Thumb Code     0  printfa.o(i.__0vsprintf)
    __c89vsprintf                            0x080033d1   Thumb Code     0  printfa.o(i.__0vsprintf)
    vsprintf                                 0x080033d1   Thumb Code     0  printfa.o(i.__0vsprintf)
    __aeabi_errno_addr                       0x080033f5   Thumb Code     4  errno.o(i.__aeabi_errno_addr)
    __rt_errno_addr                          0x080033f5   Thumb Code     0  errno.o(i.__aeabi_errno_addr)
    __scatterload_copy                       0x080033fd   Thumb Code    14  handlers.o(i.__scatterload_copy)
    __scatterload_null                       0x0800340b   Thumb Code     2  handlers.o(i.__scatterload_null)
    __scatterload_zeroinit                   0x0800340d   Thumb Code    14  handlers.o(i.__scatterload_zeroinit)
    __set_errno                              0x0800341d   Thumb Code     6  errno.o(i.__set_errno)
    abs_int                                  0x08003ce5   Thumb Code    16  contral.o(i.abs_int)
    arrive_block_down                        0x08003cf5   Thumb Code    32  contral_claw.o(i.arrive_block_down)
    arrive_block_get                         0x08003d19   Thumb Code    32  contral_claw.o(i.arrive_block_get)
    arrive_block_get1                        0x08003d3d   Thumb Code    32  contral_claw.o(i.arrive_block_get1)
    arrive_block_put                         0x08003d61   Thumb Code    32  contral_claw.o(i.arrive_block_put)
    arrive_block_putF2                       0x08003d85   Thumb Code    32  contral_claw.o(i.arrive_block_putF2)
    arrive_camera                            0x08003da9   Thumb Code    32  contral_claw.o(i.arrive_camera)
    arrive_camera2                           0x08003dcd   Thumb Code    32  contral_claw.o(i.arrive_camera2)
    arrive_circle_capture                    0x08003df1   Thumb Code    32  contral_claw.o(i.arrive_circle_capture)
    arrive_circle_capture2                   0x08003e15   Thumb Code    32  contral_claw.o(i.arrive_circle_capture2)
    arrive_most_up                           0x08003e39   Thumb Code    32  contral_claw.o(i.arrive_most_up)
    claw_close                               0x08003e5d   Thumb Code    38  contral.o(i.claw_close)
    claw_get_block1                          0x08003e89   Thumb Code    84  contral_claw.o(i.claw_get_block1)
    claw_get_block2                          0x08003edd   Thumb Code    84  contral_claw.o(i.claw_get_block2)
    claw_get_block3                          0x08003f31   Thumb Code    84  contral_claw.o(i.claw_get_block3)
    claw_get_block4                          0x08003f85   Thumb Code   114  contral_claw.o(i.claw_get_block4)
    claw_get_block5                          0x08003ff7   Thumb Code   114  contral_claw.o(i.claw_get_block5)
    claw_get_block6                          0x08004069   Thumb Code   114  contral_claw.o(i.claw_get_block6)
    claw_home                                0x080040db   Thumb Code    20  contral_claw.o(i.claw_home)
    claw_open                                0x080040f1   Thumb Code    38  contral.o(i.claw_open)
    claw_position                            0x0800411d   Thumb Code   122  contral_claw.o(i.claw_position)
    claw_position2                           0x080041a5   Thumb Code   102  contral_claw.o(i.claw_position2)
    claw_put_1blockF2                        0x08004219   Thumb Code   102  contral_claw.o(i.claw_put_1blockF2)
    claw_put_2blockF2                        0x0800427f   Thumb Code   102  contral_claw.o(i.claw_put_2blockF2)
    claw_put_3blockF2                        0x080042e5   Thumb Code   102  contral_claw.o(i.claw_put_3blockF2)
    claw_put_block1                          0x0800434b   Thumb Code   104  contral_claw.o(i.claw_put_block1)
    claw_put_block2                          0x080043b3   Thumb Code   102  contral_claw.o(i.claw_put_block2)
    claw_put_block3                          0x08004419   Thumb Code   102  contral_claw.o(i.claw_put_block3)
    claw_turn0                               0x08004481   Thumb Code    18  contral.o(i.claw_turn0)
    claw_turn1                               0x08004499   Thumb Code    18  contral.o(i.claw_turn1)
    claw_turn2                               0x080044b1   Thumb Code    18  contral.o(i.claw_turn2)
    claw_turn3                               0x080044c9   Thumb Code    18  contral.o(i.claw_turn3)
    contral_motor_Init                       0x080044e1   Thumb Code    20  contral.o(i.contral_motor_Init)
    delay_ms                                 0x080044f5   Thumb Code    24  delay.o(i.delay_ms)
    delay_us                                 0x0800450d   Thumb Code    46  delay.o(i.delay_us)
    main                                     0x0800453d   Thumb Code   110  main.o(i.main)
    max_Return                               0x080045b1   Thumb Code    42  contral.o(i.max_Return)
    sqrt                                     0x080045db   Thumb Code    76  sqrt.o(i.sqrt)
    system_Init                              0x08004627   Thumb Code    50  system_init.o(i.system_Init)
    u2_printf                                0x08004659   Thumb Code   138  uart.o(i.u2_printf)
    uart_handle                              0x080046ed   Thumb Code   850  contral.o(i.uart_handle)
    ws2812_AllShutOff                        0x08004a6d   Thumb Code    52  ws2812.o(i.ws2812_AllShutOff)
    ws2812_DMA_Init                          0x08004aa5   Thumb Code    74  ws2812.o(i.ws2812_DMA_Init)
    ws2812_GPIO_Init                         0x08004afd   Thumb Code    38  ws2812.o(i.ws2812_GPIO_Init)
    ws2812_Init                              0x08004b29   Thumb Code    26  ws2812.o(i.ws2812_Init)
    ws2812_SPI_Init                          0x08004b45   Thumb Code    98  ws2812.o(i.ws2812_SPI_Init)
    ws2812_Send_Data                         0x08004bad   Thumb Code    38  ws2812.o(i.ws2812_Send_Data)
    OLED_F8x16                               0x08004bd8   Data        1520  oled_data.o(.constdata)
    OLED_F6x8                                0x080051c8   Data         570  oled_data.o(.constdata)
    OLED_CF16x16                             0x08005402   Data          36  oled_data.o(.constdata)
    Diode                                    0x08005426   Data          32  oled_data.o(.constdata)
    __ctype_table                            0x08005446   Data         129  ctype_o.o(.constdata)
    Region$$Table$$Base                      0x080054cc   Number         0  anon$$obj.o(Region$$Table)
    Region$$Table$$Limit                     0x080054ec   Number         0  anon$$obj.o(Region$$Table)
    Serial_Flag                              0x20000038   Data           1  uart.o(.data)
    Serial_Flag2                             0x20000039   Data           1  uart.o(.data)
    Serial_Flag5                             0x2000003a   Data           1  uart.o(.data)
    Serial_TXPacket                          0x2000003b   Data           3  uart.o(.data)
    Serial_RXPacket                          0x2000003e   Data           8  uart.o(.data)
    servo_angle1                             0x2000004c   Data           1  contral.o(.data)
    servo_angle2                             0x2000004d   Data           1  contral.o(.data)
    servo_angle3                             0x2000004e   Data           1  contral.o(.data)
    stepPosition                             0x20000050   Data           4  contral.o(.data)
    stepPosition1                            0x20000054   Data           4  contral.o(.data)
    stepPosition2                            0x20000058   Data           4  contral.o(.data)
    distance                                 0x2000005c   Data           4  contral.o(.data)
    angle_temp                               0x20000060   Data           2  contral.o(.data)
    distance1                                0x20000064   Data           4  contral.o(.data)
    claw                                     0x2000006a   Data           6  contral_claw.o(.data)
    UART5_RX_BUF                             0x20000074   Data         100  uart.o(.bss)
    USART2_TX_BUF                            0x200000d8   Data         100  uart.o(.bss)
    srd                                      0x2000013c   Data          24  contral.o(.bss)
    srd1                                     0x20000154   Data          24  contral.o(.bss)
    srd2                                     0x2000016c   Data          24  contral.o(.bss)
    ws2812_data_buffer                       0x20000184   Data         336  ws2812.o(.bss)
    hsv_color                                0x200002d4   Data          12  ws2812.o(.bss)
    tmp_flag                                 0x200002e0   Data          14  ws2812.o(.bss)
    OLED_DisplayBuf                          0x200002ee   Data        1024  oled.o(.bss)
    __initial_sp                             0x20000af0   Data           0  startup_stm32f10x_hd.o(STACK)



==============================================================================

Memory Map of the image

  Image Entry point : 0x08000145

  Load Region LR_1 (Base: 0x08000000, Size: 0x00005560, Max: 0xffffffff, ABSOLUTE)

    Execution Region ER_RO (Exec base: 0x08000000, Load base: 0x08000000, Size: 0x000054ec, Max: 0xffffffff, ABSOLUTE)

    Exec Addr    Load Addr    Size         Type   Attr      Idx    E Section Name        Object

    0x08000000   0x08000000   0x00000130   Data   RO          358    RESET               startup_stm32f10x_hd.o
    0x08000130   0x08000130   0x00000000   Code   RO         4530  * .ARM.Collect$$$$00000000  mc_w.l(entry.o)
    0x08000130   0x08000130   0x00000004   Code   RO         4634    .ARM.Collect$$$$00000001  mc_w.l(entry2.o)
    0x08000134   0x08000134   0x00000004   Code   RO         4637    .ARM.Collect$$$$00000004  mc_w.l(entry5.o)
    0x08000138   0x08000138   0x00000000   Code   RO         4639    .ARM.Collect$$$$00000008  mc_w.l(entry7b.o)
    0x08000138   0x08000138   0x00000000   Code   RO         4641    .ARM.Collect$$$$0000000A  mc_w.l(entry8b.o)
    0x08000138   0x08000138   0x00000008   Code   RO         4642    .ARM.Collect$$$$0000000B  mc_w.l(entry9a.o)
    0x08000140   0x08000140   0x00000000   Code   RO         4644    .ARM.Collect$$$$0000000D  mc_w.l(entry10a.o)
    0x08000140   0x08000140   0x00000000   Code   RO         4646    .ARM.Collect$$$$0000000F  mc_w.l(entry11a.o)
    0x08000140   0x08000140   0x00000004   Code   RO         4635    .ARM.Collect$$$$00002712  mc_w.l(entry2.o)
    0x08000144   0x08000144   0x00000024   Code   RO          359  * .text               startup_stm32f10x_hd.o
    0x08000168   0x08000168   0x00000014   Code   RO         4533    .text               mc_w.l(strchr.o)
    0x0800017c   0x0800017c   0x0000000e   Code   RO         4535    .text               mc_w.l(strlen.o)
    0x0800018a   0x0800018a   0x00000012   Code   RO         4539    .text               mc_w.l(strcpy.o)
    0x0800019c   0x0800019c   0x0000001a   Code   RO         4569    .text               mc_w.l(atoi.o)
    0x080001b6   0x080001b6   0x0000014e   Code   RO         4577    .text               mf_w.l(dadd.o)
    0x08000304   0x08000304   0x000000e4   Code   RO         4579    .text               mf_w.l(dmul.o)
    0x080003e8   0x080003e8   0x000000de   Code   RO         4581    .text               mf_w.l(ddiv.o)
    0x080004c6   0x080004c6   0x0000001a   Code   RO         4589    .text               mf_w.l(dfltui.o)
    0x080004e0   0x080004e0   0x00000028   Code   RO         4591    .text               mf_w.l(ffixui.o)
    0x08000508   0x08000508   0x00000032   Code   RO         4595    .text               mf_w.l(dfixui.o)
    0x0800053a   0x0800053a   0x00000002   PAD
    0x0800053c   0x0800053c   0x00000030   Code   RO         4601    .text               mf_w.l(cdrcmple.o)
    0x0800056c   0x0800056c   0x00000038   Code   RO         4603    .text               mf_w.l(d2f.o)
    0x080005a4   0x080005a4   0x0000002c   Code   RO         4649    .text               mc_w.l(uidiv.o)
    0x080005d0   0x080005d0   0x00000062   Code   RO         4651    .text               mc_w.l(uldiv.o)
    0x08000632   0x08000632   0x0000001e   Code   RO         4653    .text               mc_w.l(llshl.o)
    0x08000650   0x08000650   0x00000020   Code   RO         4655    .text               mc_w.l(llushr.o)
    0x08000670   0x08000670   0x00000024   Code   RO         4657    .text               mc_w.l(llsshr.o)
    0x08000694   0x08000694   0x00000070   Code   RO         4666    .text               mc_w.l(strtol.o)
    0x08000704   0x08000704   0x00000000   Code   RO         4668    .text               mc_w.l(iusefp.o)
    0x08000704   0x08000704   0x0000006e   Code   RO         4669    .text               mf_w.l(fepilogue.o)
    0x08000772   0x08000772   0x000000ba   Code   RO         4671    .text               mf_w.l(depilogue.o)
    0x0800082c   0x0800082c   0x000000a2   Code   RO         4673    .text               mf_w.l(dsqrt.o)
    0x080008ce   0x080008ce   0x00000030   Code   RO         4677    .text               mf_w.l(dfixul.o)
    0x080008fe   0x080008fe   0x00000002   PAD
    0x08000900   0x08000900   0x00000024   Code   RO         4683    .text               mc_w.l(init.o)
    0x08000924   0x08000924   0x00000008   Code   RO         4685    .text               mc_w.l(ctype_o.o)
    0x0800092c   0x0800092c   0x0000009e   Code   RO         4713    .text               mc_w.l(_strtoul.o)
    0x080009ca   0x080009ca   0x0000001c   Code   RO         4717    .text               mc_w.l(_chval.o)
    0x080009e6   0x080009e6   0x00000004   Code   RO          164    i.BusFault_Handler  stm32f10x_it.o
    0x080009ea   0x080009ea   0x00000002   PAD
    0x080009ec   0x080009ec   0x00000020   Code   RO         3634    i.DIR1              contral.o
    0x08000a0c   0x08000a0c   0x00000024   Code   RO         3635    i.DIR2              contral.o
    0x08000a30   0x08000a30   0x00000024   Code   RO         3636    i.DIR3              contral.o
    0x08000a54   0x08000a54   0x00000020   Code   RO         3637    i.DIR4              contral.o
    0x08000a74   0x08000a74   0x0000001c   Code   RO         1088    i.DMA_ClearFlag     stm32f10x_dma.o
    0x08000a90   0x08000a90   0x00000018   Code   RO         1090    i.DMA_Cmd           stm32f10x_dma.o
    0x08000aa8   0x08000aa8   0x0000014c   Code   RO         1091    i.DMA_DeInit        stm32f10x_dma.o
    0x08000bf4   0x08000bf4   0x0000003c   Code   RO         1096    i.DMA_Init          stm32f10x_dma.o
    0x08000c30   0x08000c30   0x00000004   Code   RO         1097    i.DMA_SetCurrDataCounter  stm32f10x_dma.o
    0x08000c34   0x08000c34   0x00000002   Code   RO          165    i.DebugMon_Handler  stm32f10x_it.o
    0x08000c36   0x08000c36   0x00000116   Code   RO         1514    i.GPIO_Init         stm32f10x_gpio.o
    0x08000d4c   0x08000d4c   0x00000090   Code   RO         1516    i.GPIO_PinRemapConfig  stm32f10x_gpio.o
    0x08000ddc   0x08000ddc   0x00000004   Code   RO         1521    i.GPIO_ResetBits    stm32f10x_gpio.o
    0x08000de0   0x08000de0   0x00000004   Code   RO         1522    i.GPIO_SetBits      stm32f10x_gpio.o
    0x08000de4   0x08000de4   0x0000000a   Code   RO         1525    i.GPIO_WriteBit     stm32f10x_gpio.o
    0x08000dee   0x08000dee   0x00000004   Code   RO          166    i.HardFault_Handler  stm32f10x_it.o
    0x08000df2   0x08000df2   0x00000002   PAD
    0x08000df4   0x08000df4   0x000000b0   Code   RO         3415    i.KEY_Init          key.o
    0x08000ea4   0x08000ea4   0x00000060   Code   RO         3403    i.LED_Init          led.o
    0x08000f04   0x08000f04   0x0000013c   Code   RO         3332    i.MOTOR3_Init       motor.o
    0x08001040   0x08001040   0x00000140   Code   RO         3333    i.MOTOR4_Init       motor.o
    0x08001180   0x08001180   0x00000150   Code   RO         3336    i.MOTOR7_Init       motor.o
    0x080012d0   0x080012d0   0x00000140   Code   RO         3337    i.MOTOR8_Init       motor.o
    0x08001410   0x08001410   0x0000002c   Code   RO         3638    i.MOTOR_Angle       contral.o
    0x0800143c   0x0800143c   0x0000007c   Code   RO         3639    i.MOTOR_Direction   contral.o
    0x080014b8   0x080014b8   0x00000038   Code   RO         3640    i.MOTOR_Displacement  contral.o
    0x080014f0   0x080014f0   0x00000040   Code   RO         3641    i.MOTOR_Displacement_mm  contral.o
    0x08001530   0x08001530   0x00000040   Code   RO         3642    i.MOTOR_TURN        contral.o
    0x08001570   0x08001570   0x000001b0   Code   RO         3643    i.MSD_Move          contral.o
    0x08001720   0x08001720   0x0000018c   Code   RO         3644    i.MSD_Move1         contral.o
    0x080018ac   0x080018ac   0x00000020   Code   RO         3646    i.MSD_StepCounter   contral.o
    0x080018cc   0x080018cc   0x00000020   Code   RO         3647    i.MSD_StepCounter1  contral.o
    0x080018ec   0x080018ec   0x00000020   Code   RO         3648    i.MSD_StepCounter2  contral.o
    0x0800190c   0x0800190c   0x00000004   Code   RO          167    i.MemManage_Handler  stm32f10x_it.o
    0x08001910   0x08001910   0x00000020   Code   RO         3649    i.Motor1_DIR        contral.o
    0x08001930   0x08001930   0x00000002   Code   RO          168    i.NMI_Handler       stm32f10x_it.o
    0x08001932   0x08001932   0x00000002   PAD
    0x08001934   0x08001934   0x00000070   Code   RO          363    i.NVIC_Init         misc.o
    0x080019a4   0x080019a4   0x00000014   Code   RO          364    i.NVIC_PriorityGroupConfig  misc.o
    0x080019b8   0x080019b8   0x00000028   Code   RO         4258    i.OLED_Clear        oled.o
    0x080019e0   0x080019e0   0x000000a8   Code   RO         4259    i.OLED_ClearArea    oled.o
    0x08001a88   0x08001a88   0x00000060   Code   RO         4267    i.OLED_GPIO_Init    oled.o
    0x08001ae8   0x08001ae8   0x0000003e   Code   RO         4269    i.OLED_I2C_SendByte  oled.o
    0x08001b26   0x08001b26   0x0000001c   Code   RO         4270    i.OLED_I2C_Start    oled.o
    0x08001b42   0x08001b42   0x00000016   Code   RO         4271    i.OLED_I2C_Stop     oled.o
    0x08001b58   0x08001b58   0x0000009a   Code   RO         4272    i.OLED_Init         oled.o
    0x08001bf2   0x08001bf2   0x00000022   Code   RO         4278    i.OLED_SetCursor    oled.o
    0x08001c14   0x08001c14   0x00000054   Code   RO         4280    i.OLED_ShowChar     oled.o
    0x08001c68   0x08001c68   0x0000012c   Code   RO         4284    i.OLED_ShowImage    oled.o
    0x08001d94   0x08001d94   0x0000002e   Code   RO         4287    i.OLED_ShowString   oled.o
    0x08001dc2   0x08001dc2   0x00000002   PAD
    0x08001dc4   0x08001dc4   0x00000028   Code   RO         4288    i.OLED_Update       oled.o
    0x08001dec   0x08001dec   0x00000018   Code   RO         4290    i.OLED_W_SCL        oled.o
    0x08001e04   0x08001e04   0x00000018   Code   RO         4291    i.OLED_W_SDA        oled.o
    0x08001e1c   0x08001e1c   0x00000020   Code   RO         4292    i.OLED_WriteCommand  oled.o
    0x08001e3c   0x08001e3c   0x0000002e   Code   RO         4293    i.OLED_WriteData    oled.o
    0x08001e6a   0x08001e6a   0x00000002   Code   RO          169    i.PendSV_Handler    stm32f10x_it.o
    0x08001e6c   0x08001e6c   0x00000020   Code   RO         1929    i.RCC_AHBPeriphClockCmd  stm32f10x_rcc.o
    0x08001e8c   0x08001e8c   0x00000020   Code   RO         1930    i.RCC_APB1PeriphClockCmd  stm32f10x_rcc.o
    0x08001eac   0x08001eac   0x00000020   Code   RO         1932    i.RCC_APB2PeriphClockCmd  stm32f10x_rcc.o
    0x08001ecc   0x08001ecc   0x000000d4   Code   RO         1940    i.RCC_GetClocksFreq  stm32f10x_rcc.o
    0x08001fa0   0x08001fa0   0x0000004c   Code   RO         3888    i.SERVO2_CONTRAL    servo.o
    0x08001fec   0x08001fec   0x0000004c   Code   RO         3889    i.SERVO3_CONTRAL    servo.o
    0x08002038   0x08002038   0x00000018   Code   RO         2409    i.SPI_Cmd           stm32f10x_spi.o
    0x08002050   0x08002050   0x00000012   Code   RO         2415    i.SPI_I2S_DMACmd    stm32f10x_spi.o
    0x08002062   0x08002062   0x0000003c   Code   RO         2422    i.SPI_Init          stm32f10x_spi.o
    0x0800209e   0x0800209e   0x00000002   Code   RO          170    i.SVC_Handler       stm32f10x_it.o
    0x080020a0   0x080020a0   0x0000001c   Code   RO         3452    i.Serial1_GetRxFlag  uart.o
    0x080020bc   0x080020bc   0x0000001c   Code   RO         3453    i.Serial2_GetRxFlag  uart.o
    0x080020d8   0x080020d8   0x0000001c   Code   RO         3454    i.Serial5_GetRxFlag  uart.o
    0x080020f4   0x080020f4   0x00000008   Code   RO          253    i.SetSysClock       system_stm32f10x.o
    0x080020fc   0x080020fc   0x000000e0   Code   RO          254    i.SetSysClockTo72   system_stm32f10x.o
    0x080021dc   0x080021dc   0x00000002   Code   RO          171    i.SysTick_Handler   stm32f10x_it.o
    0x080021de   0x080021de   0x00000002   PAD
    0x080021e0   0x080021e0   0x00000060   Code   RO          256    i.SystemInit        system_stm32f10x.o
    0x08002240   0x08002240   0x00000220   Code   RO         3338    i.TIM2_IRQHandler   motor.o
    0x08002460   0x08002460   0x0000023c   Code   RO         3339    i.TIM3_IRQHandler   motor.o
    0x0800269c   0x0800269c   0x00000220   Code   RO         3340    i.TIM4_IRQHandler   motor.o
    0x080028bc   0x080028bc   0x00000068   Code   RO         3929    i.TIM6_COUNT_Init   time_count.o
    0x08002924   0x08002924   0x00000048   Code   RO         3930    i.TIM6_IRQHandler   time_count.o
    0x0800296c   0x0800296c   0x00000018   Code   RO         2552    i.TIM_ARRPreloadConfig  stm32f10x_tim.o
    0x08002984   0x08002984   0x00000006   Code   RO         2559    i.TIM_ClearITPendingBit  stm32f10x_tim.o
    0x0800298a   0x0800298a   0x00000018   Code   RO         2564    i.TIM_Cmd           stm32f10x_tim.o
    0x080029a2   0x080029a2   0x00000022   Code   RO         2585    i.TIM_GetITStatus   stm32f10x_tim.o
    0x080029c4   0x080029c4   0x00000012   Code   RO         2589    i.TIM_ITConfig      stm32f10x_tim.o
    0x080029d6   0x080029d6   0x00000002   PAD
    0x080029d8   0x080029d8   0x00000098   Code   RO         2593    i.TIM_OC1Init       stm32f10x_tim.o
    0x08002a70   0x08002a70   0x00000012   Code   RO         2596    i.TIM_OC1PreloadConfig  stm32f10x_tim.o
    0x08002a82   0x08002a82   0x00000002   PAD
    0x08002a84   0x08002a84   0x000000a4   Code   RO         2598    i.TIM_OC2Init       stm32f10x_tim.o
    0x08002b28   0x08002b28   0x0000001a   Code   RO         2601    i.TIM_OC2PreloadConfig  stm32f10x_tim.o
    0x08002b42   0x08002b42   0x00000002   PAD
    0x08002b44   0x08002b44   0x000000a0   Code   RO         2603    i.TIM_OC3Init       stm32f10x_tim.o
    0x08002be4   0x08002be4   0x00000012   Code   RO         2606    i.TIM_OC3PreloadConfig  stm32f10x_tim.o
    0x08002bf6   0x08002bf6   0x00000002   PAD
    0x08002bf8   0x08002bf8   0x0000007c   Code   RO         2608    i.TIM_OC4Init       stm32f10x_tim.o
    0x08002c74   0x08002c74   0x0000001a   Code   RO         2610    i.TIM_OC4PreloadConfig  stm32f10x_tim.o
    0x08002c8e   0x08002c8e   0x00000014   Code   RO         2611    i.TIM_OCStructInit  stm32f10x_tim.o
    0x08002ca2   0x08002ca2   0x00000004   Code   RO         2623    i.TIM_SetAutoreload  stm32f10x_tim.o
    0x08002ca6   0x08002ca6   0x00000004   Code   RO         2625    i.TIM_SetCompare1   stm32f10x_tim.o
    0x08002caa   0x08002caa   0x00000004   Code   RO         2626    i.TIM_SetCompare2   stm32f10x_tim.o
    0x08002cae   0x08002cae   0x00000004   Code   RO         2627    i.TIM_SetCompare3   stm32f10x_tim.o
    0x08002cb2   0x08002cb2   0x00000006   Code   RO         2628    i.TIM_SetCompare4   stm32f10x_tim.o
    0x08002cb8   0x08002cb8   0x000000a4   Code   RO         2635    i.TIM_TimeBaseInit  stm32f10x_tim.o
    0x08002d5c   0x08002d5c   0x00000012   Code   RO         2636    i.TIM_TimeBaseStructInit  stm32f10x_tim.o
    0x08002d6e   0x08002d6e   0x00000018   Code   RO         2638    i.TIM_UpdateRequestConfig  stm32f10x_tim.o
    0x08002d86   0x08002d86   0x00000002   PAD
    0x08002d88   0x08002d88   0x000000a8   Code   RO         3456    i.UART1_Init        uart.o
    0x08002e30   0x08002e30   0x0000001a   Code   RO         3459    i.UART1_SendString  uart.o
    0x08002e4a   0x08002e4a   0x00000002   PAD
    0x08002e4c   0x08002e4c   0x000000b4   Code   RO         3460    i.UART2_Init        uart.o
    0x08002f00   0x08002f00   0x000000a0   Code   RO         3462    i.UART5_IRQHandler  uart.o
    0x08002fa0   0x08002fa0   0x000000c0   Code   RO         3463    i.UART5_Init        uart.o
    0x08003060   0x08003060   0x00000036   Code   RO         3464    i.UART5_PraseCode   uart.o
    0x08003096   0x08003096   0x0000001a   Code   RO         3465    i.UART5_SendArray   uart.o
    0x080030b0   0x080030b0   0x00000020   Code   RO         3467    i.UART5_Start_Scan  uart.o
    0x080030d0   0x080030d0   0x00000018   Code   RO         3469    i.UART_SendPacket2UP  uart.o
    0x080030e8   0x080030e8   0x00000094   Code   RO         3470    i.USART1_IRQHandler  uart.o
    0x0800317c   0x0800317c   0x00000020   Code   RO         3471    i.USART1_SendBits   uart.o
    0x0800319c   0x0800319c   0x00000038   Code   RO         3472    i.USART2_IRQHandler  uart.o
    0x080031d4   0x080031d4   0x0000001c   Code   RO         3475    i.USART5_SendBits   uart.o
    0x080031f0   0x080031f0   0x0000001e   Code   RO         3097    i.USART_ClearITPendingBit  stm32f10x_usart.o
    0x0800320e   0x0800320e   0x00000018   Code   RO         3100    i.USART_Cmd         stm32f10x_usart.o
    0x08003226   0x08003226   0x0000001a   Code   RO         3103    i.USART_GetFlagStatus  stm32f10x_usart.o
    0x08003240   0x08003240   0x00000054   Code   RO         3104    i.USART_GetITStatus  stm32f10x_usart.o
    0x08003294   0x08003294   0x0000004a   Code   RO         3106    i.USART_ITConfig    stm32f10x_usart.o
    0x080032de   0x080032de   0x00000002   PAD
    0x080032e0   0x080032e0   0x000000d8   Code   RO         3107    i.USART_Init        stm32f10x_usart.o
    0x080033b8   0x080033b8   0x0000000a   Code   RO         3114    i.USART_ReceiveData  stm32f10x_usart.o
    0x080033c2   0x080033c2   0x00000008   Code   RO         3117    i.USART_SendData    stm32f10x_usart.o
    0x080033ca   0x080033ca   0x00000004   Code   RO          172    i.UsageFault_Handler  stm32f10x_it.o
    0x080033ce   0x080033ce   0x00000002   PAD
    0x080033d0   0x080033d0   0x00000024   Code   RO         4548    i.__0vsprintf       mc_w.l(printfa.o)
    0x080033f4   0x080033f4   0x00000008   Code   RO         4659    i.__aeabi_errno_addr  mc_w.l(errno.o)
    0x080033fc   0x080033fc   0x0000000e   Code   RO         4721    i.__scatterload_copy  mc_w.l(handlers.o)
    0x0800340a   0x0800340a   0x00000002   Code   RO         4722    i.__scatterload_null  mc_w.l(handlers.o)
    0x0800340c   0x0800340c   0x0000000e   Code   RO         4723    i.__scatterload_zeroinit  mc_w.l(handlers.o)
    0x0800341a   0x0800341a   0x00000002   PAD
    0x0800341c   0x0800341c   0x0000000c   Code   RO         4661    i.__set_errno       mc_w.l(errno.o)
    0x08003428   0x08003428   0x00000184   Code   RO         4549    i._fp_digits        mc_w.l(printfa.o)
    0x080035ac   0x080035ac   0x000006dc   Code   RO         4550    i._printf_core      mc_w.l(printfa.o)
    0x08003c88   0x08003c88   0x00000024   Code   RO         4551    i._printf_post_padding  mc_w.l(printfa.o)
    0x08003cac   0x08003cac   0x0000002e   Code   RO         4552    i._printf_pre_padding  mc_w.l(printfa.o)
    0x08003cda   0x08003cda   0x0000000a   Code   RO         4554    i._sputc            mc_w.l(printfa.o)
    0x08003ce4   0x08003ce4   0x00000010   Code   RO         3650    i.abs_int           contral.o
    0x08003cf4   0x08003cf4   0x00000024   Code   RO         3948    i.arrive_block_down  contral_claw.o
    0x08003d18   0x08003d18   0x00000024   Code   RO         3949    i.arrive_block_get  contral_claw.o
    0x08003d3c   0x08003d3c   0x00000024   Code   RO         3950    i.arrive_block_get1  contral_claw.o
    0x08003d60   0x08003d60   0x00000024   Code   RO         3952    i.arrive_block_put  contral_claw.o
    0x08003d84   0x08003d84   0x00000024   Code   RO         3953    i.arrive_block_putF2  contral_claw.o
    0x08003da8   0x08003da8   0x00000024   Code   RO         3954    i.arrive_camera     contral_claw.o
    0x08003dcc   0x08003dcc   0x00000024   Code   RO         3955    i.arrive_camera2    contral_claw.o
    0x08003df0   0x08003df0   0x00000024   Code   RO         3956    i.arrive_circle_capture  contral_claw.o
    0x08003e14   0x08003e14   0x00000024   Code   RO         3957    i.arrive_circle_capture2  contral_claw.o
    0x08003e38   0x08003e38   0x00000024   Code   RO         3958    i.arrive_most_up    contral_claw.o
    0x08003e5c   0x08003e5c   0x0000002c   Code   RO         3652    i.claw_close        contral.o
    0x08003e88   0x08003e88   0x00000054   Code   RO         3959    i.claw_get_block1   contral_claw.o
    0x08003edc   0x08003edc   0x00000054   Code   RO         3960    i.claw_get_block2   contral_claw.o
    0x08003f30   0x08003f30   0x00000054   Code   RO         3961    i.claw_get_block3   contral_claw.o
    0x08003f84   0x08003f84   0x00000072   Code   RO         3962    i.claw_get_block4   contral_claw.o
    0x08003ff6   0x08003ff6   0x00000072   Code   RO         3963    i.claw_get_block5   contral_claw.o
    0x08004068   0x08004068   0x00000072   Code   RO         3964    i.claw_get_block6   contral_claw.o
    0x080040da   0x080040da   0x00000014   Code   RO         3965    i.claw_home         contral_claw.o
    0x080040ee   0x080040ee   0x00000002   PAD
    0x080040f0   0x080040f0   0x0000002c   Code   RO         3655    i.claw_open         contral.o
    0x0800411c   0x0800411c   0x00000088   Code   RO         3966    i.claw_position     contral_claw.o
    0x080041a4   0x080041a4   0x00000074   Code   RO         3967    i.claw_position2    contral_claw.o
    0x08004218   0x08004218   0x00000066   Code   RO         3968    i.claw_put_1blockF2  contral_claw.o
    0x0800427e   0x0800427e   0x00000066   Code   RO         3969    i.claw_put_2blockF2  contral_claw.o
    0x080042e4   0x080042e4   0x00000066   Code   RO         3970    i.claw_put_3blockF2  contral_claw.o
    0x0800434a   0x0800434a   0x00000068   Code   RO         3971    i.claw_put_block1   contral_claw.o
    0x080043b2   0x080043b2   0x00000066   Code   RO         3972    i.claw_put_block2   contral_claw.o
    0x08004418   0x08004418   0x00000066   Code   RO         3973    i.claw_put_block3   contral_claw.o
    0x0800447e   0x0800447e   0x00000002   PAD
    0x08004480   0x08004480   0x00000018   Code   RO         3657    i.claw_turn0        contral.o
    0x08004498   0x08004498   0x00000018   Code   RO         3658    i.claw_turn1        contral.o
    0x080044b0   0x080044b0   0x00000018   Code   RO         3660    i.claw_turn2        contral.o
    0x080044c8   0x080044c8   0x00000018   Code   RO         3661    i.claw_turn3        contral.o
    0x080044e0   0x080044e0   0x00000014   Code   RO         3666    i.contral_motor_Init  contral.o
    0x080044f4   0x080044f4   0x00000018   Code   RO          322    i.delay_ms          delay.o
    0x0800450c   0x0800450c   0x0000002e   Code   RO          324    i.delay_us          delay.o
    0x0800453a   0x0800453a   0x00000002   PAD
    0x0800453c   0x0800453c   0x00000074   Code   RO            1    i.main              main.o
    0x080045b0   0x080045b0   0x0000002a   Code   RO         3667    i.max_Return        contral.o
    0x080045da   0x080045da   0x0000004c   Code   RO         4523    i.sqrt              m_ws.l(sqrt.o)
    0x08004626   0x08004626   0x00000032   Code   RO         3875    i.system_Init       system_init.o
    0x08004658   0x08004658   0x00000094   Code   RO         3477    i.u2_printf         uart.o
    0x080046ec   0x080046ec   0x00000380   Code   RO         3671    i.uart_handle       contral.o
    0x08004a6c   0x08004a6c   0x00000038   Code   RO         4125    i.ws2812_AllShutOff  ws2812.o
    0x08004aa4   0x08004aa4   0x00000058   Code   RO         4127    i.ws2812_DMA_Init   ws2812.o
    0x08004afc   0x08004afc   0x0000002c   Code   RO         4128    i.ws2812_GPIO_Init  ws2812.o
    0x08004b28   0x08004b28   0x0000001a   Code   RO         4129    i.ws2812_Init       ws2812.o
    0x08004b42   0x08004b42   0x00000002   PAD
    0x08004b44   0x08004b44   0x00000068   Code   RO         4132    i.ws2812_SPI_Init   ws2812.o
    0x08004bac   0x08004bac   0x0000002c   Code   RO         4133    i.ws2812_Send_Data  ws2812.o
    0x08004bd8   0x08004bd8   0x0000086e   Data   RO         4496    .constdata          oled_data.o
    0x08005446   0x08005446   0x00000081   Data   RO         4686    .constdata          mc_w.l(ctype_o.o)
    0x080054c7   0x080054c7   0x00000001   PAD
    0x080054c8   0x080054c8   0x00000004   Data   RO         4687    .constdata          mc_w.l(ctype_o.o)
    0x080054cc   0x080054cc   0x00000020   Data   RO         4719    Region$$Table       anon$$obj.o


    Execution Region ER_RW (Exec base: 0x20000000, Load base: 0x080054ec, Size: 0x00000074, Max: 0xffffffff, ABSOLUTE)

    Exec Addr    Load Addr    Size         Type   Attr      Idx    E Section Name        Object

    0x20000000   0x080054ec   0x00000014   Data   RW         1960    .data               stm32f10x_rcc.o
    0x20000014   0x08005500   0x00000024   Data   RW         3341    .data               motor.o
    0x20000038   0x08005524   0x00000012   Data   RW         3479    .data               uart.o
    0x2000004a   0x08005536   0x00000002   PAD
    0x2000004c   0x08005538   0x0000001c   Data   RW         3673    .data               contral.o
    0x20000068   0x08005554   0x00000001   Data   RW         3931    .data               time_count.o
    0x20000069   0x08005555   0x00000001   PAD
    0x2000006a   0x08005556   0x00000006   Data   RW         3974    .data               contral_claw.o
    0x20000070   0x0800555c   0x00000004   Data   RW         4662    .data               mc_w.l(errno.o)


    Execution Region ER_ZI (Exec base: 0x20000074, Load base: 0x08005560, Size: 0x00000a7c, Max: 0xffffffff, ABSOLUTE)

    Exec Addr    Load Addr    Size         Type   Attr      Idx    E Section Name        Object

    0x20000074        -       0x000000c8   Zero   RW         3478    .bss                uart.o
    0x2000013c        -       0x00000048   Zero   RW         3672    .bss                contral.o
    0x20000184        -       0x0000016a   Zero   RW         4138    .bss                ws2812.o
    0x200002ee        -       0x00000400   Zero   RW         4295    .bss                oled.o
    0x200006ee   0x08005560   0x00000002   PAD
    0x200006f0        -       0x00000400   Zero   RW          356    STACK               startup_stm32f10x_hd.o


==============================================================================

Image component sizes


      Code (inc. data)   RO Data    RW Data    ZI Data      Debug   Object Name

      2602        226          0         28         72      15891   contral.o
      1840         68          0          6          0      13976   contral_claw.o
        70          0          0          0          0        946   delay.o
       176         12          0          0          0        539   key.o
        96          8          0          0          0        491   led.o
       116          6          0          0          0     270631   main.o
       132         22          0          0          0       1479   misc.o
      2952        134          0         36          0       5366   motor.o
      1200         44          0          0       1024       9751   oled.o
         0          0       2158          0          0       1098   oled_data.o
       152         32          0          0          0       1074   servo.o
        36          8        304          0       1024        780   startup_stm32f10x_hd.o
       448         18          0          0          0       4391   stm32f10x_dma.o
       440          6          0          0          0       4346   stm32f10x_gpio.o
        26          0          0          0          0       3542   stm32f10x_it.o
       308         38          0         20          0       4898   stm32f10x_rcc.o
       102          0          0          0          0       2646   stm32f10x_spi.o
      1042         92          0          0          0      13247   stm32f10x_tim.o
       472          6          0          0          0       6643   stm32f10x_usart.o
         0          0          0          0          0         32   sys.o
        50          0          0          0          0        502   system_init.o
       328         28          0          0          0       1729   system_stm32f10x.o
       176         22          0          1          0       1056   time_count.o
      1358        126          0         18        200      11076   uart.o
       362         36          0          0        362       3742   ws2812.o

    ----------------------------------------------------------------------
     14518        932       2494        112       2684     379872   Object Totals
         0          0         32          0          0          0   (incl. Generated)
        34          0          0          3          2          0   (incl. Padding)

    ----------------------------------------------------------------------

      Code (inc. data)   RO Data    RW Data    ZI Data      Debug   Library Member Name

        76          0          0          0          0         84   sqrt.o
        28          0          0          0          0         68   _chval.o
       158          0          0          0          0         92   _strtoul.o
        26          0          0          0          0         80   atoi.o
         8          4        133          0          0         68   ctype_o.o
         0          0          0          0          0          0   entry.o
         0          0          0          0          0          0   entry10a.o
         0          0          0          0          0          0   entry11a.o
         8          4          0          0          0          0   entry2.o
         4          0          0          0          0          0   entry5.o
         0          0          0          0          0          0   entry7b.o
         0          0          0          0          0          0   entry8b.o
         8          4          0          0          0          0   entry9a.o
        20         10          0          4          0        136   errno.o
        30          0          0          0          0          0   handlers.o
        36          8          0          0          0         68   init.o
         0          0          0          0          0          0   iusefp.o
        30          0          0          0          0         68   llshl.o
        36          0          0          0          0         68   llsshr.o
        32          0          0          0          0         68   llushr.o
      2272         86          0          0          0        516   printfa.o
        20          0          0          0          0         68   strchr.o
        18          0          0          0          0         68   strcpy.o
        14          0          0          0          0         68   strlen.o
       112          0          0          0          0         88   strtol.o
        44          0          0          0          0         80   uidiv.o
        98          0          0          0          0         92   uldiv.o
        48          0          0          0          0         68   cdrcmple.o
        56          0          0          0          0         88   d2f.o
       334          0          0          0          0        148   dadd.o
       222          0          0          0          0        100   ddiv.o
       186          0          0          0          0        176   depilogue.o
        50          0          0          0          0         76   dfixui.o
        48          0          0          0          0         68   dfixul.o
        26          0          0          0          0         76   dfltui.o
       228          0          0          0          0         96   dmul.o
       162          0          0          0          0        100   dsqrt.o
       110          0          0          0          0        168   fepilogue.o
        40          0          0          0          0         68   ffixui.o

    ----------------------------------------------------------------------
      4594        116        134          4          0       3012   Library Totals
         6          0          1          0          0          0   (incl. Padding)

    ----------------------------------------------------------------------

      Code (inc. data)   RO Data    RW Data    ZI Data      Debug   Library Name

        76          0          0          0          0         84   m_ws.l
      3002        116        133          4          0       1696   mc_w.l
      1510          0          0          0          0       1232   mf_w.l

    ----------------------------------------------------------------------
      4594        116        134          4          0       3012   Library Totals

    ----------------------------------------------------------------------

==============================================================================


      Code (inc. data)   RO Data    RW Data    ZI Data      Debug   

     19112       1048       2628        116       2684     372896   Grand Totals
     19112       1048       2628        116       2684     372896   ELF Image Totals
     19112       1048       2628        116          0          0   ROM Totals

==============================================================================

    Total RO  Size (Code + RO Data)                21740 (  21.23kB)
    Total RW  Size (RW Data + ZI Data)              2800 (   2.73kB)
    Total ROM Size (Code + RO Data + RW Data)      21856 (  21.34kB)

==============================================================================

